Archive member included to satisfy reference by file (symbol)

C:/ST/STM32CubeIDE_1.19.0/STM32CubeIDE/plugins/com.st.stm32cube.ide.mcu.externaltools.gnu-tools-for-stm32.13.3.rel1.win32_1.0.0.202411081344/tools/bin/../lib/gcc/arm-none-eabi/13.3.1/../../../../arm-none-eabi/lib/thumb/v7e-m+fp/hard\libc_nano.a(libc_a-exit.o)
                              C:/ST/STM32CubeIDE_1.19.0/STM32CubeIDE/plugins/com.st.stm32cube.ide.mcu.externaltools.gnu-tools-for-stm32.13.3.rel1.win32_1.0.0.202411081344/tools/bin/../lib/gcc/arm-none-eabi/13.3.1/../../../../arm-none-eabi/lib/thumb/v7e-m+fp/hard/crt0.o (exit)
C:/ST/STM32CubeIDE_1.19.0/STM32CubeIDE/plugins/com.st.stm32cube.ide.mcu.externaltools.gnu-tools-for-stm32.13.3.rel1.win32_1.0.0.202411081344/tools/bin/../lib/gcc/arm-none-eabi/13.3.1/../../../../arm-none-eabi/lib/thumb/v7e-m+fp/hard\libc_nano.a(libc_a-findfp.o)
                              C:/ST/STM32CubeIDE_1.19.0/STM32CubeIDE/plugins/com.st.stm32cube.ide.mcu.externaltools.gnu-tools-for-stm32.13.3.rel1.win32_1.0.0.202411081344/tools/bin/../lib/gcc/arm-none-eabi/13.3.1/../../../../arm-none-eabi/lib/thumb/v7e-m+fp/hard\libc_nano.a(libc_a-exit.o) (__stdio_exit_handler)
C:/ST/STM32CubeIDE_1.19.0/STM32CubeIDE/plugins/com.st.stm32cube.ide.mcu.externaltools.gnu-tools-for-stm32.13.3.rel1.win32_1.0.0.202411081344/tools/bin/../lib/gcc/arm-none-eabi/13.3.1/../../../../arm-none-eabi/lib/thumb/v7e-m+fp/hard\libc_nano.a(libc_a-fwalk.o)
                              C:/ST/STM32CubeIDE_1.19.0/STM32CubeIDE/plugins/com.st.stm32cube.ide.mcu.externaltools.gnu-tools-for-stm32.13.3.rel1.win32_1.0.0.202411081344/tools/bin/../lib/gcc/arm-none-eabi/13.3.1/../../../../arm-none-eabi/lib/thumb/v7e-m+fp/hard\libc_nano.a(libc_a-findfp.o) (_fwalk_sglue)
C:/ST/STM32CubeIDE_1.19.0/STM32CubeIDE/plugins/com.st.stm32cube.ide.mcu.externaltools.gnu-tools-for-stm32.13.3.rel1.win32_1.0.0.202411081344/tools/bin/../lib/gcc/arm-none-eabi/13.3.1/../../../../arm-none-eabi/lib/thumb/v7e-m+fp/hard\libc_nano.a(libc_a-stdio.o)
                              C:/ST/STM32CubeIDE_1.19.0/STM32CubeIDE/plugins/com.st.stm32cube.ide.mcu.externaltools.gnu-tools-for-stm32.13.3.rel1.win32_1.0.0.202411081344/tools/bin/../lib/gcc/arm-none-eabi/13.3.1/../../../../arm-none-eabi/lib/thumb/v7e-m+fp/hard\libc_nano.a(libc_a-findfp.o) (__sread)
C:/ST/STM32CubeIDE_1.19.0/STM32CubeIDE/plugins/com.st.stm32cube.ide.mcu.externaltools.gnu-tools-for-stm32.13.3.rel1.win32_1.0.0.202411081344/tools/bin/../lib/gcc/arm-none-eabi/13.3.1/../../../../arm-none-eabi/lib/thumb/v7e-m+fp/hard\libc_nano.a(libc_a-memset.o)
                              C:/ST/STM32CubeIDE_1.19.0/STM32CubeIDE/plugins/com.st.stm32cube.ide.mcu.externaltools.gnu-tools-for-stm32.13.3.rel1.win32_1.0.0.202411081344/tools/bin/../lib/gcc/arm-none-eabi/13.3.1/../../../../arm-none-eabi/lib/thumb/v7e-m+fp/hard/crt0.o (memset)
C:/ST/STM32CubeIDE_1.19.0/STM32CubeIDE/plugins/com.st.stm32cube.ide.mcu.externaltools.gnu-tools-for-stm32.13.3.rel1.win32_1.0.0.202411081344/tools/bin/../lib/gcc/arm-none-eabi/13.3.1/../../../../arm-none-eabi/lib/thumb/v7e-m+fp/hard\libc_nano.a(libc_a-closer.o)
                              C:/ST/STM32CubeIDE_1.19.0/STM32CubeIDE/plugins/com.st.stm32cube.ide.mcu.externaltools.gnu-tools-for-stm32.13.3.rel1.win32_1.0.0.202411081344/tools/bin/../lib/gcc/arm-none-eabi/13.3.1/../../../../arm-none-eabi/lib/thumb/v7e-m+fp/hard\libc_nano.a(libc_a-stdio.o) (_close_r)
C:/ST/STM32CubeIDE_1.19.0/STM32CubeIDE/plugins/com.st.stm32cube.ide.mcu.externaltools.gnu-tools-for-stm32.13.3.rel1.win32_1.0.0.202411081344/tools/bin/../lib/gcc/arm-none-eabi/13.3.1/../../../../arm-none-eabi/lib/thumb/v7e-m+fp/hard\libc_nano.a(libc_a-reent.o)
                              C:/ST/STM32CubeIDE_1.19.0/STM32CubeIDE/plugins/com.st.stm32cube.ide.mcu.externaltools.gnu-tools-for-stm32.13.3.rel1.win32_1.0.0.202411081344/tools/bin/../lib/gcc/arm-none-eabi/13.3.1/../../../../arm-none-eabi/lib/thumb/v7e-m+fp/hard\libc_nano.a(libc_a-closer.o) (errno)
C:/ST/STM32CubeIDE_1.19.0/STM32CubeIDE/plugins/com.st.stm32cube.ide.mcu.externaltools.gnu-tools-for-stm32.13.3.rel1.win32_1.0.0.202411081344/tools/bin/../lib/gcc/arm-none-eabi/13.3.1/../../../../arm-none-eabi/lib/thumb/v7e-m+fp/hard\libc_nano.a(libc_a-impure.o)
                              C:/ST/STM32CubeIDE_1.19.0/STM32CubeIDE/plugins/com.st.stm32cube.ide.mcu.externaltools.gnu-tools-for-stm32.13.3.rel1.win32_1.0.0.202411081344/tools/bin/../lib/gcc/arm-none-eabi/13.3.1/../../../../arm-none-eabi/lib/thumb/v7e-m+fp/hard\libc_nano.a(libc_a-reent.o) (_impure_ptr)
C:/ST/STM32CubeIDE_1.19.0/STM32CubeIDE/plugins/com.st.stm32cube.ide.mcu.externaltools.gnu-tools-for-stm32.13.3.rel1.win32_1.0.0.202411081344/tools/bin/../lib/gcc/arm-none-eabi/13.3.1/../../../../arm-none-eabi/lib/thumb/v7e-m+fp/hard\libc_nano.a(libc_a-lseekr.o)
[...]
Memory Configuration

Name             Origin             Length             Attributes
RAM              0x20000000         0x00050000         xrw
FLASH            0x08000000         0x00180000         xr
*default*        0x00000000         0xffffffff

Linker script and memory map

LOAD C:/ST/STM32CubeIDE_1.19.0/STM32CubeIDE/plugins/com.st.stm32cube.ide.mcu.externaltools.gnu-tools-for-stm32.13.3.rel1.win32_1.0.0.202411081344/tools/bin/../lib/gcc/arm-none-eabi/13.3.1/thumb/v7e-m+fp/hard/crti.o
LOAD C:/ST/STM32CubeIDE_1.19.0/STM32CubeIDE/plugins/com.st.stm32cube.ide.mcu.externaltools.gnu-tools-for-stm32.13.3.rel1.win32_1.0.0.202411081344/tools/bin/../lib/gcc/arm-none-eabi/13.3.1/thumb/v7e-m+fp/hard/crtbegin.o
LOAD C:/ST/STM32CubeIDE_1.19.0/STM32CubeIDE/plugins/com.st.stm32cube.ide.mcu.externaltools.gnu-tools-for-stm32.13.3.rel1.win32_1.0.0.202411081344/tools/bin/../lib/gcc/arm-none-eabi/13.3.1/../../../../arm-none-eabi/lib/thumb/v7e-m+fp/hard/crt0.o
LOAD ./App/Src/app_main.o
LOAD ./Core/Src/freertos.o
LOAD ./Core/Src/main.o
LOAD ./Core/Src/stm32f4xx_hal_msp.o
LOAD ./Core/Src/stm32f4xx_it.o
LOAD ./Core/Src/syscalls.o
LOAD ./Core/Src/sysmem.o
LOAD ./Core/Src/system_stm32f4xx.o
LOAD ./Core/Startup/startup_stm32f413zhtx.o
LOAD ./Drivers/IC/eeprom_25lc256.o
LOAD ./Drivers/IC/gatedriver_drv8871.o
LOAD ./Drivers/IC/pmic_mp5475.o
LOAD ./Drivers/Protocol/can_manager.o
LOAD ./Drivers/STM32F4xx_HAL_Driver/Src/stm32f4xx_hal.o
LOAD ./Drivers/STM32F4xx_HAL_Driver/Src/stm32f4xx_hal_adc.o
LOAD ./Drivers/STM32F4xx_HAL_Driver/Src/stm32f4xx_hal_adc_ex.o
LOAD ./Drivers/STM32F4xx_HAL_Driver/Src/stm32f4xx_hal_can.o
LOAD ./Drivers/STM32F4xx_HAL_Driver/Src/stm32f4xx_hal_cortex.o
LOAD ./Drivers/STM32F4xx_HAL_Driver/Src/stm32f4xx_hal_dma.o
LOAD ./Drivers/STM32F4xx_HAL_Driver/Src/stm32f4xx_hal_dma_ex.o
LOAD ./Drivers/STM32F4xx_HAL_Driver/Src/stm32f4xx_hal_exti.o
LOAD ./Drivers/STM32F4xx_HAL_Driver/Src/stm32f4xx_hal_flash.o
LOAD ./Drivers/STM32F4xx_HAL_Driver/Src/stm32f4xx_hal_flash_ex.o
LOAD ./Drivers/STM32F4xx_HAL_Driver/Src/stm32f4xx_hal_flash_ramfunc.o
LOAD ./Drivers/STM32F4xx_HAL_Driver/Src/stm32f4xx_hal_gpio.o
LOAD ./Drivers/STM32F4xx_HAL_Driver/Src/stm32f4xx_hal_i2c.o
LOAD ./Drivers/STM32F4xx_HAL_Driver/Src/stm32f4xx_hal_i2c_ex.o
LOAD ./Drivers/STM32F4xx_HAL_Driver/Src/stm32f4xx_hal_pwr.o
LOAD ./Drivers/STM32F4xx_HAL_Driver/Src/stm32f4xx_hal_pwr_ex.o
LOAD ./Drivers/STM32F4xx_HAL_Driver/Src/stm32f4xx_hal_rcc.o
LOAD ./Drivers/STM32F4xx_HAL_Driver/Src/stm32f4xx_hal_rcc_ex.o
LOAD ./Drivers/STM32F4xx_HAL_Driver/Src/stm32f4xx_hal_spi.o
LOAD ./Drivers/STM32F4xx_HAL_Driver/Src/stm32f4xx_hal_tim.o
LOAD ./Drivers/STM32F4xx_HAL_Driver/Src/stm32f4xx_hal_tim_ex.o
LOAD ./Drivers/STM32F4xx_HAL_Driver/Src/stm32f4xx_hal_uart.o
LOAD ./Drivers/STM32F4xx_HAL_Driver/Src/stm32f4xx_ll_adc.o
LOAD ./Middlewares/Third_Party/FreeRTOS/Source/CMSIS_RTOS_V2/cmsis_os2.o
LOAD ./Middlewares/Third_Party/FreeRTOS/Source/croutine.o
LOAD ./Middlewares/Third_Party/FreeRTOS/Source/event_groups.o
LOAD ./Middlewares/Third_Party/FreeRTOS/Source/list.o
LOAD ./Middlewares/Third_Party/FreeRTOS/Source/queue.o
LOAD ./Middlewares/Third_Party/FreeRTOS/Source/stream_buffer.o
LOAD ./Middlewares/Third_Party/FreeRTOS/Source/tasks.o
LOAD ./Middlewares/Third_Party/FreeRTOS/Source/timers.o
LOAD ./Middlewares/Third_Party/FreeRTOS/Source/portable/GCC/ARM_CM4F/port.o
LOAD ./Middlewares/Third_Party/FreeRTOS/Source/portable/MemMang/heap_4.o
START GROUP
LOAD C:/ST/STM32CubeIDE_1.19.0/STM32CubeIDE/plugins/com.st.stm32cube.ide.mcu.externaltools.gnu-tools-for-stm32.13.3.rel1.win32_1.0.0.202411081344/tools/bin/../lib/gcc/arm-none-eabi/13.3.1/../../../../arm-none-eabi/lib/thumb/v7e-m+fp/hard\libc_nano.a
LOAD C:/ST/STM32CubeIDE_1.19.0/STM32CubeIDE/plugins/com.st.stm32cube.ide.mcu.externaltools.gnu-tools-for-stm32.13.3.rel1.win32_1.0.0.202411081344/tools/bin/../lib/gcc/arm-none-eabi/13.3.1/../../../../arm-none-eabi/lib/thumb/v7e-m+fp/hard\libm.a
END GROUP
START GROUP
LOAD C:/ST/STM32CubeIDE_1.19.0/STM32CubeIDE/plugins/com.st.stm32cube.ide.mcu.externaltools.gnu-tools-for-stm32.13.3.rel1.win32_1.0.0.202411081344/tools/bin/../lib/gcc/arm-none-eabi/13.3.1/thumb/v7e-m+fp/hard\libgcc.a
LOAD C:/ST/STM32CubeIDE_1.19.0/STM32CubeIDE/plugins/com.st.stm32cube.ide.mcu.externaltools.gnu-tools-for-stm32.13.3.rel1.win32_1.0.0.202411081344/tools/bin/../lib/gcc/arm-none-eabi/13.3.1/../../../../arm-none-eabi/lib/thumb/v7e-m+fp/hard\libc_nano.a
END GROUP
START GROUP
LOAD C:/ST/STM32CubeIDE_1.19.0/STM32CubeIDE/plugins/com.st.stm32cube.ide.mcu.externaltools.gnu-tools-for-stm32.13.3.rel1.win32_1.0.0.202411081344/tools/bin/../lib/gcc/arm-none-eabi/13.3.1/thumb/v7e-m+fp/hard\libgcc.a
LOAD C:/ST/STM32CubeIDE_1.19.0/STM32CubeIDE/plugins/com.st.stm32cube.ide.mcu.externaltools.gnu-tools-for-stm32.13.3.rel1.win32_1.0.0.202411081344/tools/bin/../lib/gcc/arm-none-eabi/13.3.1/../../../../arm-none-eabi/lib/thumb/v7e-m+fp/hard\libc_nano.a
LOAD C:/ST/STM32CubeIDE_1.19.0/STM32CubeIDE/plugins/com.st.stm32cube.ide.mcu.externaltools.gnu-tools-for-stm32.13.3.rel1.win32_1.0.0.202411081344/tools/bin/../lib/gcc/arm-none-eabi/13.3.1/../../../../arm-none-eabi/lib/thumb/v7e-m+fp/hard\libnosys.a
END GROUP
START GROUP
LOAD C:/ST/STM32CubeIDE_1.19.0/STM32CubeIDE/plugins/com.st.stm32cube.ide.mcu.externaltools.gnu-tools-for-stm32.13.3.rel1.win32_1.0.0.202411081344/tools/bin/../lib/gcc/arm-none-eabi/13.3.1/thumb/v7e-m+fp/hard\libgcc.a
LOAD C:/ST/STM32CubeIDE_1.19.0/STM32CubeIDE/plugins/com.st.stm32cube.ide.mcu.externaltools.gnu-tools-for-stm32.13.3.rel1.win32_1.0.0.202411081344/tools/bin/../lib/gcc/arm-none-eabi/13.3.1/../../../../arm-none-eabi/lib/thumb/v7e-m+fp/hard\libc_nano.a
LOAD C:/ST/STM32CubeIDE_1.19.0/STM32CubeIDE/plugins/com.st.stm32cube.ide.mcu.externaltools.gnu-tools-for-stm32.13.3.rel1.win32_1.0.0.202411081344/tools/bin/../lib/gcc/arm-none-eabi/13.3.1/../../../../arm-none-eabi/lib/thumb/v7e-m+fp/hard\libnosys.a
END GROUP
LOAD C:/ST/STM32CubeIDE_1.19.0/STM32CubeIDE/plugins/com.st.stm32cube.ide.mcu.externaltools.gnu-tools-for-stm32.13.3.rel1.win32_1.0.0.202411081344/tools/bin/../lib/gcc/arm-none-eabi/13.3.1/thumb/v7e-m+fp/hard/crtend.o
LOAD C:/ST/STM32CubeIDE_1.19.0/STM32CubeIDE/plugins/com.st.stm32cube.ide.mcu.externaltools.gnu-tools-for-stm32.13.3.rel1.win32_1.0.0.202411081344/tools/bin/../lib/gcc/arm-none-eabi/13.3.1/thumb/v7e-m+fp/hard/crtn.o
                0x20050000                        _estack = (ORIGIN (RAM) + LENGTH (RAM))
                0x00000200                        _Min_Heap_Size = 0x200
                0x00000400                        _Min_Stack_Size = 0x400

.isr_vector     0x08000000      0x1d8
                0x08000000                        . = ALIGN (0x4)
 *(.isr_vector)
 .isr_vector    0x08000000      0x1d8 ./Core/Startup/startup_stm32f413zhtx.o
                0x08000000                g_pfnVectors
                0x080001d8                        . = ALIGN (0x4)

.text           0x080001e0     0xb7c4
                0x080001e0                        . = ALIGN (0x4)
 *(.text)
 .text          0x080001e0       0x40 C:/ST/STM32CubeIDE_1.19.0/STM32CubeIDE/plugins/com.st.stm32cube.ide.mcu.externaltools.gnu-tools-for-stm32.13.3.rel1.win32_1.0.0.202411081344/tools/bin/../lib/gcc/arm-none-eabi/13.3.1/thumb/v7e-m+fp/hard/crtbegin.o
 .text          0x08000220       0x30 C:/ST/STM32CubeIDE_1.19.0/STM32CubeIDE/plugins/com.st.stm32cube.ide.mcu.externaltools.gnu-tools-for-stm32.13.3.rel1.win32_1.0.0.202411081344/tools/bin/../lib/gcc/arm-none-eabi/13.3.1/thumb/v7e-m+fp/hard\libgcc.a(_aeabi_uldivmod.o)
                0x08000220                __aeabi_uldivmod
 .text          0x08000250      0x2f8 C:/ST/STM32CubeIDE_1.19.0/STM32CubeIDE/plugins/com.st.stm32cube.ide.mcu.externaltools.gnu-tools-for-stm32.13.3.rel1.win32_1.0.0.202411081344/tools/bin/../lib/gcc/arm-none-eabi/13.3.1/thumb/v7e-m+fp/hard\libgcc.a(_udivmoddi4.o)
                0x08000250                __udivmoddi4
 .text          0x08000548        0x4 C:/ST/STM32CubeIDE_1.19.0/STM32CubeIDE/plugins/com.st.stm32cube.ide.mcu.externaltools.gnu-tools-for-stm32.13.3.rel1.win32_1.0.0.202411081344/tools/bin/../lib/gcc/arm-none-eabi/13.3.1/thumb/v7e-m+fp/hard\libgcc.a(_dvmd_tls.o)
                0x08000548                __aeabi_idiv0
                0x08000548                __aeabi_ldiv0
 *(.text*)
 .text.App_Main
                0x0800054c       0xb0 ./App/Src/app_main.o
                0x0800054c                App_Main
 .text.Task_1ms_CriticalOps
                0x080005fc      0x114 ./App/Src/app_main.o
                0x080005fc                Task_1ms_CriticalOps
 .text.Task_5ms_Monitoring
                0x08000710       0xd8 ./App/Src/app_main.o
                0x08000710                Task_5ms_Monitoring
 .text.Process_CAN_Command
                0x080007e8       0x7c ./App/Src/app_main.o
                0x080007e8                Process_CAN_Command
 .text.main     0x08000864       0x40 ./Core/Src/main.o
                0x08000864                main
 .text.SystemClock_Config
                0x080008a4       0xbc ./Core/Src/main.o
                0x080008a4                SystemClock_Config
 .text.MX_ADC1_Init
                0x08000960       0xa4 ./Core/Src/main.o
 .text.MX_CAN1_Init
                0x08000a04       0x68 ./Core/Src/main.o
 .text.MX_I2C1_Init
                0x08000a6c       0x5c ./Core/Src/main.o
 .text.MX_I2C2_Init
                0x08000ac8       0x5c ./Core/Src/main.o
 .text.MX_SPI1_Init
                0x08000b24       0x6c ./Core/Src/main.o
 .text.MX_SPI2_Init
                0x08000b90       0x6c ./Core/Src/main.o
 .text.MX_UART4_Init
                0x08000bfc       0x54 ./Core/Src/main.o
 .text.MX_DMA_Init
                0x08000c50       0xcc ./Core/Src/main.o
 .text.MX_GPIO_Init
                0x08000d1c       0xf4 ./Core/Src/main.o
 .text.Error_Handler
                0x08000e10        0xc ./Core/Src/main.o
                0x08000e10                Error_Handler
 .text.HAL_MspInit
                0x08000e1c       0x58 ./Core/Src/stm32f4xx_hal_msp.o
                0x08000e1c                HAL_MspInit
 .text.HAL_ADC_MspInit
                0x08000e74       0x88 ./Core/Src/stm32f4xx_hal_msp.o
                0x08000e74                HAL_ADC_MspInit
 .text.HAL_CAN_MspInit
                0x08000efc       0xb0 ./Core/Src/stm32f4xx_hal_msp.o
                0x08000efc                HAL_CAN_MspInit
 .text.HAL_I2C_MspInit
                0x08000fac      0x2c4 ./Core/Src/stm32f4xx_hal_msp.o
                0x08000fac                HAL_I2C_MspInit
 .text.HAL_SPI_MspInit
                0x08001270      0x2f4 ./Core/Src/stm32f4xx_hal_msp.o
                0x08001270                HAL_SPI_MspInit
 .text.HAL_UART_MspInit
                0x08001564       0xc0 ./Core/Src/stm32f4xx_hal_msp.o
                0x08001564                HAL_UART_MspInit
 .text.NMI_Handler
                0x08001624        0x8 ./Core/Src/stm32f4xx_it.o
                0x08001624                NMI_Handler
 .text.HardFault_Handler
                0x0800162c        0x8 ./Core/Src/stm32f4xx_it.o
                0x0800162c                HardFault_Handler
 .text.MemManage_Handler
                0x08001634        0x8 ./Core/Src/stm32f4xx_it.o
                0x08001634                MemManage_Handler
 .text.BusFault_Handler
                0x0800163c        0x8 ./Core/Src/stm32f4xx_it.o
                0x0800163c                BusFault_Handler
 .text.UsageFault_Handler
                0x08001644        0x8 ./Core/Src/stm32f4xx_it.o
                0x08001644                UsageFault_Handler
 .text.DebugMon_Handler
                0x0800164c        0xe ./Core/Src/stm32f4xx_it.o
                0x0800164c                DebugMon_Handler
 .text.SysTick_Handler
                0x0800165a       0x1a ./Core/Src/stm32f4xx_it.o
                0x0800165a                SysTick_Handler
 .text.DMA1_Stream0_IRQHandler
                0x08001674       0x14 ./Core/Src/stm32f4xx_it.o
                0x08001674                DMA1_Stream0_IRQHandler
 .text.DMA1_Stream2_IRQHandler
                0x08001688       0x14 ./Core/Src/stm32f4xx_it.o
                0x08001688                DMA1_Stream2_IRQHandler
 .text.DMA1_Stream3_IRQHandler
                0x0800169c       0x14 ./Core/Src/stm32f4xx_it.o
                0x0800169c                DMA1_Stream3_IRQHandler
 .text.DMA1_Stream4_IRQHandler
                0x080016b0       0x14 ./Core/Src/stm32f4xx_it.o
                0x080016b0                DMA1_Stream4_IRQHandler
 .text.DMA1_Stream6_IRQHandler
                0x080016c4       0x14 ./Core/Src/stm32f4xx_it.o
                0x080016c4                DMA1_Stream6_IRQHandler
 .text.CAN1_TX_IRQHandler
                0x080016d8       0x14 ./Core/Src/stm32f4xx_it.o
                0x080016d8                CAN1_TX_IRQHandler
 .text.CAN1_RX0_IRQHandler
                0x080016ec       0x14 ./Core/Src/stm32f4xx_it.o
                0x080016ec                CAN1_RX0_IRQHandler
 .text.HAL_CAN_RxFifo0MsgPendingCallback
                0x08001700       0x4c ./Core/Src/stm32f4xx_it.o
                0x08001700                HAL_CAN_RxFifo0MsgPendingCallback
 .text.I2C1_EV_IRQHandler
                0x0800174c       0x14 ./Core/Src/stm32f4xx_it.o
                0x0800174c                I2C1_EV_IRQHandler
 .text.I2C1_ER_IRQHandler
                0x08001760       0x14 ./Core/Src/stm32f4xx_it.o
                0x08001760                I2C1_ER_IRQHandler
 .text.I2C2_EV_IRQHandler
                0x08001774       0x14 ./Core/Src/stm32f4xx_it.o
                0x08001774                I2C2_EV_IRQHandler
 .text.SPI1_IRQHandler
                0x08001788       0x14 ./Core/Src/stm32f4xx_it.o
                0x08001788                SPI1_IRQHandler
 .text.SPI2_IRQHandler
                0x0800179c       0x14 ./Core/Src/stm32f4xx_it.o
                0x0800179c                SPI2_IRQHandler
 .text.DMA1_Stream7_IRQHandler
                0x080017b0       0x14 ./Core/Src/stm32f4xx_it.o
                0x080017b0                DMA1_Stream7_IRQHandler
 .text.UART4_IRQHandler
                0x080017c4       0x14 ./Core/Src/stm32f4xx_it.o
                0x080017c4                UART4_IRQHandler
 .text.DMA2_Stream0_IRQHandler
                0x080017d8       0x14 ./Core/Src/stm32f4xx_it.o
                0x080017d8                DMA2_Stream0_IRQHandler
 .text.DMA2_Stream3_IRQHandler
                0x080017ec       0x14 ./Core/Src/stm32f4xx_it.o
                0x080017ec                DMA2_Stream3_IRQHandler
 .text.SystemInit
                0x08001800       0x24 ./Core/Src/system_stm32f4xx.o
                0x08001800                SystemInit
 .text.Reset_Handler
                0x08001824       0x50 ./Core/Startup/startup_stm32f413zhtx.o
                0x08001824                Reset_Handler
 .text.Default_Handler
                0x08001874        0x2 ./Core/Startup/startup_stm32f413zhtx.o
                0x08001874                RTC_Alarm_IRQHandler
                0x08001874                EXTI2_IRQHandler
                0x08001874                TIM8_CC_IRQHandler
                0x08001874                UART8_IRQHandler
                0x08001874                FMPI2C1_EV_IRQHandler
                0x08001874                SPI4_IRQHandler
                0x08001874                TIM1_CC_IRQHandler
                0x08001874                DMA2_Stream5_IRQHandler
                0x08001874                DMA1_Stream5_IRQHandler
                0x08001874                CAN3_RX1_IRQHandler
                0x08001874                PVD_IRQHandler
                0x08001874                SDIO_IRQHandler
                0x08001874                TAMP_STAMP_IRQHandler
                0x08001874                CAN2_RX1_IRQHandler
                0x08001874                EXTI3_IRQHandler
                0x08001874                TIM8_TRG_COM_TIM14_IRQHandler
                0x08001874                DFSDM1_FLT1_IRQHandler
                0x08001874                TIM1_UP_TIM10_IRQHandler
                0x08001874                TIM8_UP_TIM13_IRQHandler
                0x08001874                I2C3_ER_IRQHandler
                0x08001874                EXTI0_IRQHandler
                0x08001874                FPU_IRQHandler
                0x08001874                CAN3_SCE_IRQHandler
                0x08001874                CAN2_SCE_IRQHandler
                0x08001874                DMA2_Stream2_IRQHandler
                0x08001874                TIM6_DAC_IRQHandler
                0x08001874                TIM1_BRK_TIM9_IRQHandler
                0x08001874                CAN2_RX0_IRQHandler
                0x08001874                USART6_IRQHandler
                0x08001874                CAN3_RX0_IRQHandler
                0x08001874                USART3_IRQHandler
                0x08001874                DFSDM2_FLT3_IRQHandler
                0x08001874                CAN1_RX1_IRQHandler
                0x08001874                UART5_IRQHandler
                0x08001874                TIM4_IRQHandler
                0x08001874                QUADSPI_IRQHandler
                0x08001874                DMA1_Stream1_IRQHandler
                0x08001874                TIM3_IRQHandler
                0x08001874                RCC_IRQHandler
                0x08001874                UART9_IRQHandler
                0x08001874                TIM8_BRK_TIM12_IRQHandler
                0x08001874                Default_Handler
                0x08001874                EXTI15_10_IRQHandler
                0x08001874                ADC_IRQHandler
                0x08001874                DFSDM2_FLT0_IRQHandler
                0x08001874                SPI5_IRQHandler
                0x08001874                TIM7_IRQHandler
                0x08001874                CAN2_TX_IRQHandler
                0x08001874                TIM5_IRQHandler
                0x08001874                DMA2_Stream7_IRQHandler
                0x08001874                I2C3_EV_IRQHandler
                0x08001874                DFSDM2_FLT2_IRQHandler
                0x08001874                EXTI9_5_IRQHandler
                0x08001874                RTC_WKUP_IRQHandler
                0x08001874                FMPI2C1_ER_IRQHandler
                0x08001874                EXTI4_IRQHandler
                0x08001874                DFSDM2_FLT1_IRQHandler
                0x08001874                RNG_IRQHandler
                0x08001874                FSMC_IRQHandler
                0x08001874                WWDG_IRQHandler
                0x08001874                CAN3_TX_IRQHandler
                0x08001874                TIM2_IRQHandler
                0x08001874                OTG_FS_WKUP_IRQHandler
                0x08001874                TIM1_TRG_COM_TIM11_IRQHandler
                0x08001874                EXTI1_IRQHandler
                0x08001874                UART7_IRQHandler
                0x08001874                USART2_IRQHandler
                0x08001874                DFSDM1_FLT0_IRQHandler
                0x08001874                I2C2_ER_IRQHandler
                0x08001874                DMA2_Stream1_IRQHandler
                0x08001874                CAN1_SCE_IRQHandler
                0x08001874                FLASH_IRQHandler
                0x08001874                DMA2_Stream4_IRQHandler
                0x08001874                USART1_IRQHandler
                0x08001874                OTG_FS_IRQHandler
                0x08001874                SPI3_IRQHandler
                0x08001874                LPTIM1_IRQHandler
                0x08001874                DMA2_Stream6_IRQHandler
                0x08001874                UART10_IRQHandler
                0x08001874                SAI1_IRQHandler
 *fill*         0x08001876        0x2 
 .text.EEPROM_CS_Select
                0x08001878       0x18 ./Drivers/IC/eeprom_25lc256.o
 .text.EEPROM_CS_Deselect
                0x08001890       0x18 ./Drivers/IC/eeprom_25lc256.o
 .text.EEPROM_Init
                0x080018a8       0x20 ./Drivers/IC/eeprom_25lc256.o
                0x080018a8                EEPROM_Init
 .text.EEPROM_Write_Record
                0x080018c8       0x74 ./Drivers/IC/eeprom_25lc256.o
                0x080018c8                EEPROM_Write_Record
 .text.EEPROM_Read_Record
                0x0800193c       0x48 ./Drivers/IC/eeprom_25lc256.o
                0x0800193c                EEPROM_Read_Record
 .text.EEPROM_Clear_Record
                0x08001984       0x22 ./Drivers/IC/eeprom_25lc256.o
                0x08001984                EEPROM_Clear_Record
 *fill*         0x080019a6        0x2 
 .text.GateDriver_Init
                0x080019a8       0x20 ./Drivers/IC/gatedriver_drv8871.o
                0x080019a8                GateDriver_Init
 .text.GateDriver_EnableMotor
                0x080019c8       0x16 ./Drivers/IC/gatedriver_drv8871.o
                0x080019c8                GateDriver_EnableMotor
 .text.GateDriver_DisableMotor
                0x080019de       0x16 ./Drivers/IC/gatedriver_drv8871.o
                0x080019de                GateDriver_DisableMotor
 .text.PMIC_Init
                0x080019f4       0x20 ./Drivers/IC/pmic_mp5475.o
                0x080019f4                PMIC_Init
 .text.PMIC_Check_Faults
                0x08001a14       0x84 ./Drivers/IC/pmic_mp5475.o
                0x08001a14                PMIC_Check_Faults
 .text.CAN_Manager_Init
                0x08001a98       0x40 ./Drivers/Protocol/can_manager.o
                0x08001a98                CAN_Manager_Init
 .text.CAN_Transmit_DTC_Broadcast
                0x08001ad8       0x70 ./Drivers/Protocol/can_manager.o
                0x08001ad8                CAN_Transmit_DTC_Broadcast
 .text.CAN_Transmit_Diag_Response
                0x08001b48       0x54 ./Drivers/Protocol/can_manager.o
                0x08001b48                CAN_Transmit_Diag_Response
 .text.HAL_Init
                0x08001b9c       0x44 ./Drivers/STM32F4xx_HAL_Driver/Src/stm32f4xx_hal.o
                0x08001b9c                HAL_Init
 .text.HAL_InitTick
                0x08001be0       0x60 ./Drivers/STM32F4xx_HAL_Driver/Src/stm32f4xx_hal.o
                0x08001be0                HAL_InitTick
 .text.HAL_IncTick
                0x08001c40       0x28 ./Drivers/STM32F4xx_HAL_Driver/Src/stm32f4xx_hal.o
                0x08001c40                HAL_IncTick
 .text.HAL_GetTick
                0x08001c68       0x18 ./Drivers/STM32F4xx_HAL_Driver/Src/stm32f4xx_hal.o
                0x08001c68                HAL_GetTick
 .text.HAL_Delay
                0x08001c80       0x48 ./Drivers/STM32F4xx_HAL_Driver/Src/stm32f4xx_hal.o
                0x08001c80                HAL_Delay
 .text.HAL_ADC_Init
                0x08001cc8       0x86 ./Drivers/STM32F4xx_HAL_Driver/Src/stm32f4xx_hal_adc.o
                0x08001cc8                HAL_ADC_Init
 *fill*         0x08001d4e        0x2 
 .text.HAL_ADC_Start
                0x08001d50      0x168 ./Drivers/STM32F4xx_HAL_Driver/Src/stm32f4xx_hal_adc.o
                0x08001d50                HAL_ADC_Start
 .text.HAL_ADC_Stop
                0x08001eb8       0x66 ./Drivers/STM32F4xx_HAL_Driver/Src/stm32f4xx_hal_adc.o
                0x08001eb8                HAL_ADC_Stop
 .text.HAL_ADC_PollForConversion
                0x08001f1e      0x116 ./Drivers/STM32F4xx_HAL_Driver/Src/stm32f4xx_hal_adc.o
                0x08001f1e                HAL_ADC_PollForConversion
 .text.HAL_ADC_GetValue
                0x08002034       0x1a ./Drivers/STM32F4xx_HAL_Driver/Src/stm32f4xx_hal_adc.o
                0x08002034                HAL_ADC_GetValue
 *fill*         0x0800204e        0x2 
 .text.HAL_ADC_ConfigChannel
                0x08002050      0x264 ./Drivers/STM32F4xx_HAL_Driver/Src/stm32f4xx_hal_adc.o
                0x08002050                HAL_ADC_ConfigChannel
 .text.ADC_Init
                0x080022b4      0x1f8 ./Drivers/STM32F4xx_HAL_Driver/Src/stm32f4xx_hal_adc.o
 .text.HAL_CAN_Init
                0x080024ac      0x1f6 ./Drivers/STM32F4xx_HAL_Driver/Src/stm32f4xx_hal_can.o
                0x080024ac                HAL_CAN_Init
 .text.HAL_CAN_Start
                0x080026a2       0x88 ./Drivers/STM32F4xx_HAL_Driver/Src/stm32f4xx_hal_can.o
                0x080026a2                HAL_CAN_Start
 .text.HAL_CAN_AddTxMessage
                0x0800272a      0x1b6 ./Drivers/STM32F4xx_HAL_Driver/Src/stm32f4xx_hal_can.o
                0x0800272a                HAL_CAN_AddTxMessage
 .text.HAL_CAN_GetTxMailboxesFreeLevel
                0x080028e0       0x6a ./Drivers/STM32F4xx_HAL_Driver/Src/stm32f4xx_hal_can.o
                0x080028e0                HAL_CAN_GetTxMailboxesFreeLevel
 .text.HAL_CAN_GetRxMessage
                0x0800294a      0x224 ./Drivers/STM32F4xx_HAL_Driver/Src/stm32f4xx_hal_can.o
                0x0800294a                HAL_CAN_GetRxMessage
 .text.HAL_CAN_ActivateNotification
                0x08002b6e       0x4c ./Drivers/STM32F4xx_HAL_Driver/Src/stm32f4xx_hal_can.o
                0x08002b6e                HAL_CAN_ActivateNotification
 .text.HAL_CAN_IRQHandler
                0x08002bba      0x36e ./Drivers/STM32F4xx_HAL_Driver/Src/stm32f4xx_hal_can.o
                0x08002bba                HAL_CAN_IRQHandler
 .text.HAL_CAN_TxMailbox0CompleteCallback
                0x08002f28       0x14 ./Drivers/STM32F4xx_HAL_Driver/Src/stm32f4xx_hal_can.o
                0x08002f28                HAL_CAN_TxMailbox0CompleteCallback
 .text.HAL_CAN_TxMailbox1CompleteCallback
                0x08002f3c       0x14 ./Drivers/STM32F4xx_HAL_Driver/Src/stm32f4xx_hal_can.o
                0x08002f3c                HAL_CAN_TxMailbox1CompleteCallback
 .text.HAL_CAN_TxMailbox2CompleteCallback
                0x08002f50       0x14 ./Drivers/STM32F4xx_HAL_Driver/Src/stm32f4xx_hal_can.o
                0x08002f50                HAL_CAN_TxMailbox2CompleteCallback
 .text.HAL_CAN_TxMailbox0AbortCallback
                0x08002f64       0x14 ./Drivers/STM32F4xx_HAL_Driver/Src/stm32f4xx_hal_can.o
                0x08002f64                HAL_CAN_TxMailbox0AbortCallback
 .text.HAL_CAN_TxMailbox1AbortCallback
                0x08002f78       0x14 ./Drivers/STM32F4xx_HAL_Driver/Src/stm32f4xx_hal_can.o
                0x08002f78                HAL_CAN_TxMailbox1AbortCallback
 .text.HAL_CAN_TxMailbox2AbortCallback
                0x08002f8c       0x14 ./Drivers/STM32F4xx_HAL_Driver/Src/stm32f4xx_hal_can.o
                0x08002f8c                HAL_CAN_TxMailbox2AbortCallback
 .text.HAL_CAN_RxFifo0FullCallback
                0x08002fa0       0x14 ./Drivers/STM32F4xx_HAL_Driver/Src/stm32f4xx_hal_can.o
                0x08002fa0                HAL_CAN_RxFifo0FullCallback
 .text.HAL_CAN_RxFifo1MsgPendingCallback
                0x08002fb4       0x14 ./Drivers/STM32F4xx_HAL_Driver/Src/stm32f4xx_hal_can.o
                0x08002fb4                HAL_CAN_RxFifo1MsgPendingCallback
 .text.HAL_CAN_RxFifo1FullCallback
                0x08002fc8       0x14 ./Drivers/STM32F4xx_HAL_Driver/Src/stm32f4xx_hal_can.o
                0x08002fc8                HAL_CAN_RxFifo1FullCallback
 .text.HAL_CAN_SleepCallback
                0x08002fdc       0x14 ./Drivers/STM32F4xx_HAL_Driver/Src/stm32f4xx_hal_can.o
                0x08002fdc                HAL_CAN_SleepCallback
 .text.HAL_CAN_WakeUpFromRxMsgCallback
                0x08002ff0       0x14 ./Drivers/STM32F4xx_HAL_Driver/Src/stm32f4xx_hal_can.o
                0x08002ff0                HAL_CAN_WakeUpFromRxMsgCallback
 .text.HAL_CAN_ErrorCallback
                0x08003004       0x14 ./Drivers/STM32F4xx_HAL_Driver/Src/stm32f4xx_hal_can.o
                0x08003004                HAL_CAN_ErrorCallback
 .text.__NVIC_SetPriorityGrouping
                0x08003018       0x48 ./Drivers/STM32F4xx_HAL_Driver/Src/stm32f4xx_hal_cortex.o
 .text.__NVIC_GetPriorityGrouping
                0x08003060       0x1c ./Drivers/STM32F4xx_HAL_Driver/Src/stm32f4xx_hal_cortex.o
 .text.__NVIC_EnableIRQ
                0x0800307c       0x3c ./Drivers/STM32F4xx_HAL_Driver/Src/stm32f4xx_hal_cortex.o
 .text.__NVIC_SetPriority
                0x080030b8       0x54 ./Drivers/STM32F4xx_HAL_Driver/Src/stm32f4xx_hal_cortex.o
 .text.NVIC_EncodePriority
                0x0800310c       0x66 ./Drivers/STM32F4xx_HAL_Driver/Src/stm32f4xx_hal_cortex.o
 *fill*         0x08003172        0x2 
 .text.SysTick_Config
                0x08003174       0x44 ./Drivers/STM32F4xx_HAL_Driver/Src/stm32f4xx_hal_cortex.o
 .text.HAL_NVIC_SetPriorityGrouping
                0x080031b8       0x16 ./Drivers/STM32F4xx_HAL_Driver/Src/stm32f4xx_hal_cortex.o
                0x080031b8                HAL_NVIC_SetPriorityGrouping
 .text.HAL_NVIC_SetPriority
                0x080031ce       0x38 ./Drivers/STM32F4xx_HAL_Driver/Src/stm32f4xx_hal_cortex.o
                0x080031ce                HAL_NVIC_SetPriority
 .text.HAL_NVIC_EnableIRQ
                0x08003206       0x1c ./Drivers/STM32F4xx_HAL_Driver/Src/stm32f4xx_hal_cortex.o
                0x08003206                HAL_NVIC_EnableIRQ
 .text.HAL_SYSTICK_Config
                0x08003222       0x18 ./Drivers/STM32F4xx_HAL_Driver/Src/stm32f4xx_hal_cortex.o
                0x08003222                HAL_SYSTICK_Config
 *fill*         0x0800323a        0x2 
 .text.HAL_DMA_Init
                0x0800323c      0x15c ./Drivers/STM32F4xx_HAL_Driver/Src/stm32f4xx_hal_dma.o
                0x0800323c                HAL_DMA_Init
 .text.HAL_DMA_Abort
                0x08003398       0xe0 ./Drivers/STM32F4xx_HAL_Driver/Src/stm32f4xx_hal_dma.o
                0x08003398                HAL_DMA_Abort
 .text.HAL_DMA_Abort_IT
                0x08003478       0x44 ./Drivers/STM32F4xx_HAL_Driver/Src/stm32f4xx_hal_dma.o
                0x08003478                HAL_DMA_Abort_IT
 .text.HAL_DMA_IRQHandler
                0x080034bc      0x314 ./Drivers/STM32F4xx_HAL_Driver/Src/stm32f4xx_hal_dma.o
                0x080034bc                HAL_DMA_IRQHandler
 .text.HAL_DMA_GetState
                0x080037d0       0x1c ./Drivers/STM32F4xx_HAL_Driver/Src/stm32f4xx_hal_dma.o
                0x080037d0                HAL_DMA_GetState
 .text.DMA_CalcBaseAndBitshift
                0x080037ec       0x6c ./Drivers/STM32F4xx_HAL_Driver/Src/stm32f4xx_hal_dma.o
 .text.DMA_CheckFifoParam
                0x08003858       0xf8 ./Drivers/STM32F4xx_HAL_Driver/Src/stm32f4xx_hal_dma.o
 .text.HAL_GPIO_Init
                0x08003950      0x328 ./Drivers/STM32F4xx_HAL_Driver/Src/stm32f4xx_hal_gpio.o
                0x08003950                HAL_GPIO_Init
 .text.HAL_GPIO_WritePin
                0x08003c78       0x32 ./Drivers/STM32F4xx_HAL_Driver/Src/stm32f4xx_hal_gpio.o
                0x08003c78                HAL_GPIO_WritePin
 *fill*         0x08003caa        0x2 
 .text.HAL_I2C_Init
                0x08003cac      0x288 ./Drivers/STM32F4xx_HAL_Driver/Src/stm32f4xx_hal_i2c.o
                0x08003cac                HAL_I2C_Init
 .text.HAL_I2C_Mem_Read
                0x08003f34      0x44c ./Drivers/STM32F4xx_HAL_Driver/Src/stm32f4xx_hal_i2c.o
                0x08003f34                HAL_I2C_Mem_Read
 .text.HAL_I2C_EV_IRQHandler
                0x08004380      0x2e2 ./Drivers/STM32F4xx_HAL_Driver/Src/stm32f4xx_hal_i2c.o
                0x08004380                HAL_I2C_EV_IRQHandler
 .text.HAL_I2C_ER_IRQHandler
                0x08004662      0x14e ./Drivers/STM32F4xx_HAL_Driver/Src/stm32f4xx_hal_i2c.o
                0x08004662                HAL_I2C_ER_IRQHandler
 .text.HAL_I2C_MasterTxCpltCallback
                0x080047b0       0x14 ./Drivers/STM32F4xx_HAL_Driver/Src/stm32f4xx_hal_i2c.o
                0x080047b0                HAL_I2C_MasterTxCpltCallback
 .text.HAL_I2C_MasterRxCpltCallback
                0x080047c4       0x14 ./Drivers/STM32F4xx_HAL_Driver/Src/stm32f4xx_hal_i2c.o
                0x080047c4                HAL_I2C_MasterRxCpltCallback
 .text.HAL_I2C_SlaveTxCpltCallback
                0x080047d8       0x14 ./Drivers/STM32F4xx_HAL_Driver/Src/stm32f4xx_hal_i2c.o
                0x080047d8                HAL_I2C_SlaveTxCpltCallback
 .text.HAL_I2C_SlaveRxCpltCallback
                0x080047ec       0x14 ./Drivers/STM32F4xx_HAL_Driver/Src/stm32f4xx_hal_i2c.o
                0x080047ec                HAL_I2C_SlaveRxCpltCallback
 .text.HAL_I2C_AddrCallback
                0x08004800       0x1c ./Drivers/STM32F4xx_HAL_Driver/Src/stm32f4xx_hal_i2c.o
                0x08004800                HAL_I2C_AddrCallback
 .text.HAL_I2C_ListenCpltCallback
                0x0800481c       0x14 ./Drivers/STM32F4xx_HAL_Driver/Src/stm32f4xx_hal_i2c.o
                0x0800481c                HAL_I2C_ListenCpltCallback
 .text.HAL_I2C_MemTxCpltCallback
                0x08004830       0x14 ./Drivers/STM32F4xx_HAL_Driver/Src/stm32f4xx_hal_i2c.o
                0x08004830                HAL_I2C_MemTxCpltCallback
 .text.HAL_I2C_MemRxCpltCallback
                0x08004844       0x14 ./Drivers/STM32F4xx_HAL_Driver/Src/stm32f4xx_hal_i2c.o
                0x08004844                HAL_I2C_MemRxCpltCallback
 .text.HAL_I2C_ErrorCallback
                0x08004858       0x14 ./Drivers/STM32F4xx_HAL_Driver/Src/stm32f4xx_hal_i2c.o
                0x08004858                HAL_I2C_ErrorCallback
 .text.HAL_I2C_AbortCpltCallback
                0x0800486c       0x14 ./Drivers/STM32F4xx_HAL_Driver/Src/stm32f4xx_hal_i2c.o
                0x0800486c                HAL_I2C_AbortCpltCallback
 .text.I2C_MasterTransmit_TXE
                0x08004880      0x138 ./Drivers/STM32F4xx_HAL_Driver/Src/stm32f4xx_hal_i2c.o
 .text.I2C_MasterTransmit_BTF
                0x080049b8       0xec ./Drivers/STM32F4xx_HAL_Driver/Src/stm32f4xx_hal_i2c.o
 .text.I2C_MemoryTransmit_TXE_BTF
                0x08004aa4      0x128 ./Drivers/STM32F4xx_HAL_Driver/Src/stm32f4xx_hal_i2c.o
 .text.I2C_MasterReceive_RXNE
                0x08004bcc      0x162 ./Drivers/STM32F4xx_HAL_Driver/Src/stm32f4xx_hal_i2c.o
 .text.I2C_MasterReceive_BTF
                0x08004d2e      0x1d4 ./Drivers/STM32F4xx_HAL_Driver/Src/stm32f4xx_hal_i2c.o
 .text.I2C_Master_SB
                0x08004f02      0x10c ./Drivers/STM32F4xx_HAL_Driver/Src/stm32f4xx_hal_i2c.o
 .text.I2C_Master_ADD10
                0x0800500e       0x54 ./Drivers/STM32F4xx_HAL_Driver/Src/stm32f4xx_hal_i2c.o
 .text.I2C_Master_ADDR
                0x08005062      0x322 ./Drivers/STM32F4xx_HAL_Driver/Src/stm32f4xx_hal_i2c.o
 .text.I2C_SlaveTransmit_TXE
                0x08005384       0x7a ./Drivers/STM32F4xx_HAL_Driver/Src/stm32f4xx_hal_i2c.o
 .text.I2C_SlaveTransmit_BTF
                0x080053fe       0x42 ./Drivers/STM32F4xx_HAL_Driver/Src/stm32f4xx_hal_i2c.o
 .text.I2C_SlaveReceive_RXNE
                0x08005440       0x7c ./Drivers/STM32F4xx_HAL_Driver/Src/stm32f4xx_hal_i2c.o
 .text.I2C_SlaveReceive_BTF
                0x080054bc       0x44 ./Drivers/STM32F4xx_HAL_Driver/Src/stm32f4xx_hal_i2c.o
 .text.I2C_Slave_ADDR
                0x08005500       0x94 ./Drivers/STM32F4xx_HAL_Driver/Src/stm32f4xx_hal_i2c.o
 .text.I2C_Slave_STOPF
                0x08005594      0x260 ./Drivers/STM32F4xx_HAL_Driver/Src/stm32f4xx_hal_i2c.o
 .text.I2C_Slave_AF
                0x080057f4       0xe0 ./Drivers/STM32F4xx_HAL_Driver/Src/stm32f4xx_hal_i2c.o
 .text.I2C_ITError
                0x080058d4      0x264 ./Drivers/STM32F4xx_HAL_Driver/Src/stm32f4xx_hal_i2c.o
 .text.I2C_RequestMemoryRead
                0x08005b38      0x1d0 ./Drivers/STM32F4xx_HAL_Driver/Src/stm32f4xx_hal_i2c.o
 .text.I2C_DMAAbort
                0x08005d08      0x150 ./Drivers/STM32F4xx_HAL_Driver/Src/stm32f4xx_hal_i2c.o
 .text.I2C_WaitOnFlagUntilTimeout
                0x08005e58       0xae ./Drivers/STM32F4xx_HAL_Driver/Src/stm32f4xx_hal_i2c.o
 .text.I2C_WaitOnMasterAddressFlagUntilTimeout
                0x08005f06       0xfe ./Drivers/STM32F4xx_HAL_Driver/Src/stm32f4xx_hal_i2c.o
 .text.I2C_WaitOnTXEFlagUntilTimeout
                0x08006004       0x82 ./Drivers/STM32F4xx_HAL_Driver/Src/stm32f4xx_hal_i2c.o
 *fill*         0x08006086        0x2 
 .text.I2C_WaitOnSTOPRequestThroughIT
                0x08006088       0x64 ./Drivers/STM32F4xx_HAL_Driver/Src/stm32f4xx_hal_i2c.o
 .text.I2C_WaitOnRXNEFlagUntilTimeout
                0x080060ec       0xac ./Drivers/STM32F4xx_HAL_Driver/Src/stm32f4xx_hal_i2c.o
 .text.I2C_IsAcknowledgeFailed
                0x08006198       0x5e ./Drivers/STM32F4xx_HAL_Driver/Src/stm32f4xx_hal_i2c.o
 .text.I2C_ConvertOtherXferOptions
                0x080061f6       0x36 ./Drivers/STM32F4xx_HAL_Driver/Src/stm32f4xx_hal_i2c.o
 .text.HAL_RCC_ClockConfig
                0x0800622c      0x1cc ./Drivers/STM32F4xx_HAL_Driver/Src/stm32f4xx_hal_rcc.o
                0x0800622c                HAL_RCC_ClockConfig
 .text.HAL_RCC_GetSysClockFreq
                0x080063f8      0x18c ./Drivers/STM32F4xx_HAL_Driver/Src/stm32f4xx_hal_rcc.o
                0x080063f8                HAL_RCC_GetSysClockFreq
 .text.HAL_RCC_GetHCLKFreq
                0x08006584       0x18 ./Drivers/STM32F4xx_HAL_Driver/Src/stm32f4xx_hal_rcc.o
                0x08006584                HAL_RCC_GetHCLKFreq
 .text.HAL_RCC_GetPCLK1Freq
                0x0800659c       0x28 ./Drivers/STM32F4xx_HAL_Driver/Src/stm32f4xx_hal_rcc.o
                0x0800659c                HAL_RCC_GetPCLK1Freq
 .text.HAL_RCC_GetPCLK2Freq
                0x080065c4       0x28 ./Drivers/STM32F4xx_HAL_Driver/Src/stm32f4xx_hal_rcc.o
                0x080065c4                HAL_RCC_GetPCLK2Freq
 .text.HAL_RCC_OscConfig
                0x080065ec      0x508 ./Drivers/STM32F4xx_HAL_Driver/Src/stm32f4xx_hal_rcc_ex.o
                0x080065ec                HAL_RCC_OscConfig
 .text.HAL_SPI_Init
                0x08006af4      0x112 ./Drivers/STM32F4xx_HAL_Driver/Src/stm32f4xx_hal_spi.o
                0x08006af4                HAL_SPI_Init
 .text.HAL_SPI_Transmit
                0x08006c06      0x278 ./Drivers/STM32F4xx_HAL_Driver/Src/stm32f4xx_hal_spi.o
                0x08006c06                HAL_SPI_Transmit
 .text.HAL_SPI_Receive
                0x08006e7e      0x222 ./Drivers/STM32F4xx_HAL_Driver/Src/stm32f4xx_hal_spi.o
                0x08006e7e                HAL_SPI_Receive
 .text.HAL_SPI_TransmitReceive
                0x080070a0      0x344 ./Drivers/STM32F4xx_HAL_Driver/Src/stm32f4xx_hal_spi.o
                0x080070a0                HAL_SPI_TransmitReceive
 .text.HAL_SPI_IRQHandler
                0x080073e4      0x200 ./Drivers/STM32F4xx_HAL_Driver/Src/stm32f4xx_hal_spi.o
                0x080073e4                HAL_SPI_IRQHandler
 .text.HAL_SPI_ErrorCallback
                0x080075e4       0x14 ./Drivers/STM32F4xx_HAL_Driver/Src/stm32f4xx_hal_spi.o
                0x080075e4                HAL_SPI_ErrorCallback
 .text.SPI_DMAAbortOnError
                0x080075f8       0x28 ./Drivers/STM32F4xx_HAL_Driver/Src/stm32f4xx_hal_spi.o
 .text.SPI_WaitFlagStateUntilTimeout
                0x08007620      0x110 ./Drivers/STM32F4xx_HAL_Driver/Src/stm32f4xx_hal_spi.o
 .text.SPI_EndRxTransaction
                0x08007730       0xca ./Drivers/STM32F4xx_HAL_Driver/Src/stm32f4xx_hal_spi.o
 *fill*         0x080077fa        0x2 
 .text.SPI_EndRxTxTransaction
                0x080077fc       0x84 ./Drivers/STM32F4xx_HAL_Driver/Src/stm32f4xx_hal_spi.o
 .text.HAL_UART_Init
                0x08007880       0x9a ./Drivers/STM32F4xx_HAL_Driver/Src/stm32f4xx_hal_uart.o
                0x08007880                HAL_UART_Init
 .text.HAL_UART_Transmit
                0x0800791a      0x124 ./Drivers/STM32F4xx_HAL_Driver/Src/stm32f4xx_hal_uart.o
                0x0800791a                HAL_UART_Transmit
 *fill*         0x08007a3e        0x2 
 .text.HAL_UART_IRQHandler
                0x08007a40      0x51c ./Drivers/STM32F4xx_HAL_Driver/Src/stm32f4xx_hal_uart.o
                0x08007a40                HAL_UART_IRQHandler
 .text.HAL_UART_TxCpltCallback
                0x08007f5c       0x14 ./Drivers/STM32F4xx_HAL_Driver/Src/stm32f4xx_hal_uart.o
                0x08007f5c                HAL_UART_TxCpltCallback
 .text.HAL_UART_RxCpltCallback
                0x08007f70       0x14 ./Drivers/STM32F4xx_HAL_Driver/Src/stm32f4xx_hal_uart.o
                0x08007f70                HAL_UART_RxCpltCallback
 .text.HAL_UART_ErrorCallback
                0x08007f84       0x14 ./Drivers/STM32F4xx_HAL_Driver/Src/stm32f4xx_hal_uart.o
                0x08007f84                HAL_UART_ErrorCallback
 .text.HAL_UARTEx_RxEventCallback
                0x08007f98       0x18 ./Drivers/STM32F4xx_HAL_Driver/Src/stm32f4xx_hal_uart.o
                0x08007f98                HAL_UARTEx_RxEventCallback
 .text.UART_WaitOnFlagUntilTimeout
                0x08007fb0       0xdc ./Drivers/STM32F4xx_HAL_Driver/Src/stm32f4xx_hal_uart.o
 .text.UART_EndRxTransfer
                0x0800808c       0xc6 ./Drivers/STM32F4xx_HAL_Driver/Src/stm32f4xx_hal_uart.o
 .text.UART_DMAAbortOnError
                0x08008152       0x28 ./Drivers/STM32F4xx_HAL_Driver/Src/stm32f4xx_hal_uart.o
 .text.UART_Transmit_IT
                0x0800817a       0xa0 ./Drivers/STM32F4xx_HAL_Driver/Src/stm32f4xx_hal_uart.o
 .text.UART_EndTransmit_IT
                0x0800821a       0x30 ./Drivers/STM32F4xx_HAL_Driver/Src/stm32f4xx_hal_uart.o
 .text.UART_Receive_IT
                0x0800824a      0x176 ./Drivers/STM32F4xx_HAL_Driver/Src/stm32f4xx_hal_uart.o
 .text.UART_SetConfig
                0x080083c0      0x508 ./Drivers/STM32F4xx_HAL_Driver/Src/stm32f4xx_hal_uart.o
 .text.__NVIC_SetPriority
                0x080088c8       0x54 ./Middlewares/Third_Party/FreeRTOS/Source/CMSIS_RTOS_V2/cmsis_os2.o
 .text.SVC_Setup
                0x0800891c       0x12 ./Middlewares/Third_Party/FreeRTOS/Source/CMSIS_RTOS_V2/cmsis_os2.o
 *fill*         0x0800892e        0x2 
 .text.osKernelInitialize
                0x08008930       0x48 ./Middlewares/Third_Party/FreeRTOS/Source/CMSIS_RTOS_V2/cmsis_os2.o
                0x08008930                osKernelInitialize
 .text.osKernelStart
                0x08008978       0x4c ./Middlewares/Third_Party/FreeRTOS/Source/CMSIS_RTOS_V2/cmsis_os2.o
                0x08008978                osKernelStart
 .text.osKernelGetTickCount
                0x080089c4       0x2a ./Middlewares/Third_Party/FreeRTOS/Source/CMSIS_RTOS_V2/cmsis_os2.o
                0x080089c4                osKernelGetTickCount
 .text.osThreadNew
                0x080089ee      0x124 ./Middlewares/Third_Party/FreeRTOS/Source/CMSIS_RTOS_V2/cmsis_os2.o
                0x080089ee                osThreadNew
 .text.osDelayUntil
                0x08008b12       0x5a ./Middlewares/Third_Party/FreeRTOS/Source/CMSIS_RTOS_V2/cmsis_os2.o
                0x08008b12                osDelayUntil
 .text.osMessageQueueNew
                0x08008b6c       0xe6 ./Middlewares/Third_Party/FreeRTOS/Source/CMSIS_RTOS_V2/cmsis_os2.o
                0x08008b6c                osMessageQueueNew
 *fill*         0x08008c52        0x2 
 .text.osMessageQueuePut
                0x08008c54       0xc0 ./Middlewares/Third_Party/FreeRTOS/Source/CMSIS_RTOS_V2/cmsis_os2.o
                0x08008c54                osMessageQueuePut
 .text.osMessageQueueGet
                0x08008d14       0xbc ./Middlewares/Third_Party/FreeRTOS/Source/CMSIS_RTOS_V2/cmsis_os2.o
                0x08008d14                osMessageQueueGet
 .text.vApplicationGetIdleTaskMemory
                0x08008dd0       0x34 ./Middlewares/Third_Party/FreeRTOS/Source/CMSIS_RTOS_V2/cmsis_os2.o
                0x08008dd0                vApplicationGetIdleTaskMemory
 .text.vApplicationGetTimerTaskMemory
                0x08008e04       0x34 ./Middlewares/Third_Party/FreeRTOS/Source/CMSIS_RTOS_V2/cmsis_os2.o
                0x08008e04                vApplicationGetTimerTaskMemory
 .text.vListInitialise
                0x08008e38       0x40 ./Middlewares/Third_Party/FreeRTOS/Source/list.o
                0x08008e38                vListInitialise
 .text.vListInitialiseItem
                0x08008e78       0x1a ./Middlewares/Third_Party/FreeRTOS/Source/list.o
                0x08008e78                vListInitialiseItem
 .text.vListInsertEnd
                0x08008e92       0x48 ./Middlewares/Third_Party/FreeRTOS/Source/list.o
                0x08008e92                vListInsertEnd
 .text.vListInsert
                0x08008eda       0x72 ./Middlewares/Third_Party/FreeRTOS/Source/list.o
                0x08008eda                vListInsert
 .text.uxListRemove
                0x08008f4c       0x54 ./Middlewares/Third_Party/FreeRTOS/Source/list.o
                0x08008f4c                uxListRemove
 .text.xQueueGenericReset
                0x08008fa0       0xd4 ./Middlewares/Third_Party/FreeRTOS/Source/queue.o
                0x08008fa0                xQueueGenericReset
 .text.xQueueGenericCreateStatic
                0x08009074       0xfa ./Middlewares/Third_Party/FreeRTOS/Source/queue.o
                0x08009074                xQueueGenericCreateStatic
 .text.xQueueGenericCreate
                0x0800916e       0x76 ./Middlewares/Third_Party/FreeRTOS/Source/queue.o
                0x0800916e                xQueueGenericCreate
 .text.prvInitialiseNewQueue
                0x080091e4       0x46 ./Middlewares/Third_Party/FreeRTOS/Source/queue.o
 *fill*         0x0800922a        0x2 
 .text.xQueueGenericSend
                0x0800922c      0x204 ./Middlewares/Third_Party/FreeRTOS/Source/queue.o
                0x0800922c                xQueueGenericSend
 .text.xQueueGenericSendFromISR
                0x08009430      0x13c ./Middlewares/Third_Party/FreeRTOS/Source/queue.o
                0x08009430                xQueueGenericSendFromISR
 .text.xQueueReceive
                0x0800956c      0x1c4 ./Middlewares/Third_Party/FreeRTOS/Source/queue.o
                0x0800956c                xQueueReceive
 .text.xQueueReceiveFromISR
                0x08009730      0x104 ./Middlewares/Third_Party/FreeRTOS/Source/queue.o
                0x08009730                xQueueReceiveFromISR
 .text.prvCopyDataToQueue
                0x08009834       0xd4 ./Middlewares/Third_Party/FreeRTOS/Source/queue.o
 .text.prvCopyDataFromQueue
                0x08009908       0x4c ./Middlewares/Third_Party/FreeRTOS/Source/queue.o
 .text.prvUnlockQueue
                0x08009954       0xa4 ./Middlewares/Third_Party/FreeRTOS/Source/queue.o
 .text.prvIsQueueEmpty
                0x080099f8       0x2c ./Middlewares/Third_Party/FreeRTOS/Source/queue.o
 .text.prvIsQueueFull
                0x08009a24       0x30 ./Middlewares/Third_Party/FreeRTOS/Source/queue.o
 .text.vQueueAddToRegistry
                0x08009a54       0x54 ./Middlewares/Third_Party/FreeRTOS/Source/queue.o
                0x08009a54                vQueueAddToRegistry
 .text.vQueueWaitForMessageRestricted
                0x08009aa8       0x68 ./Middlewares/Third_Party/FreeRTOS/Source/queue.o
                0x08009aa8                vQueueWaitForMessageRestricted
 .text.xTaskCreateStatic
                0x08009b10       0xc0 ./Middlewares/Third_Party/FreeRTOS/Source/tasks.o
                0x08009b10                xTaskCreateStatic
 .text.xTaskCreate
                0x08009bd0       0x8a ./Middlewares/Third_Party/FreeRTOS/Source/tasks.o
                0x08009bd0                xTaskCreate
 .text.prvInitialiseNewTask
                0x08009c5a      0x120 ./Middlewares/Third_Party/FreeRTOS/Source/tasks.o
 *fill*         0x08009d7a        0x2 
 .text.prvAddNewTaskToReadyList
                0x08009d7c       0xe0 ./Middlewares/Third_Party/FreeRTOS/Source/tasks.o
 .text.vTaskDelayUntil
                0x08009e5c      0x100 ./Middlewares/Third_Party/FreeRTOS/Source/tasks.o
                0x08009e5c                vTaskDelayUntil
 .text.vTaskStartScheduler
                0x08009f5c       0xd0 ./Middlewares/Third_Party/FreeRTOS/Source/tasks.o
                0x08009f5c                vTaskStartScheduler
 .text.vTaskSuspendAll
                0x0800a02c       0x1c ./Middlewares/Third_Party/FreeRTOS/Source/tasks.o
                0x0800a02c                vTaskSuspendAll
 .text.xTaskResumeAll
                0x0800a048      0x13c ./Middlewares/Third_Party/FreeRTOS/Source/tasks.o
                0x0800a048                xTaskResumeAll
 .text.xTaskGetTickCount
                0x0800a184       0x20 ./Middlewares/Third_Party/FreeRTOS/Source/tasks.o
                0x0800a184                xTaskGetTickCount
 .text.xTaskGetTickCountFromISR
                0x0800a1a4       0x24 ./Middlewares/Third_Party/FreeRTOS/Source/tasks.o
                0x0800a1a4                xTaskGetTickCountFromISR
 .text.xTaskIncrementTick
                0x0800a1c8      0x174 ./Middlewares/Third_Party/FreeRTOS/Source/tasks.o
                0x0800a1c8                xTaskIncrementTick
 .text.vTaskSwitchContext
                0x0800a33c       0xbc ./Middlewares/Third_Party/FreeRTOS/Source/tasks.o
                0x0800a33c                vTaskSwitchContext
 .text.vTaskPlaceOnEventList
                0x0800a3f8       0x4c ./Middlewares/Third_Party/FreeRTOS/Source/tasks.o
                0x0800a3f8                vTaskPlaceOnEventList
 .text.vTaskPlaceOnEventListRestricted
                0x0800a444       0x58 ./Middlewares/Third_Party/FreeRTOS/Source/tasks.o
                0x0800a444                vTaskPlaceOnEventListRestricted
 .text.xTaskRemoveFromEventList
                0x0800a49c       0xc8 ./Middlewares/Third_Party/FreeRTOS/Source/tasks.o
                0x0800a49c                xTaskRemoveFromEventList
 .text.vTaskInternalSetTimeOutState
                0x0800a564       0x2c ./Middlewares/Third_Party/FreeRTOS/Source/tasks.o
                0x0800a564                vTaskInternalSetTimeOutState
 .text.xTaskCheckForTimeOut
                0x0800a590       0xc8 ./Middlewares/Third_Party/FreeRTOS/Source/tasks.o
                0x0800a590                xTaskCheckForTimeOut
 .text.vTaskMissedYield
                0x0800a658       0x18 ./Middlewares/Third_Party/FreeRTOS/Source/tasks.o
                0x0800a658                vTaskMissedYield
 .text.prvIdleTask
                0x0800a670       0x30 ./Middlewares/Third_Party/FreeRTOS/Source/tasks.o
 .text.prvInitialiseTaskLists
                0x0800a6a0       0x80 ./Middlewares/Third_Party/FreeRTOS/Source/tasks.o
 .text.prvCheckTasksWaitingTermination
                0x0800a720       0x5c ./Middlewares/Third_Party/FreeRTOS/Source/tasks.o
 .text.prvDeleteTCB
                0x0800a77c       0x60 ./Middlewares/Third_Party/FreeRTOS/Source/tasks.o
 .text.prvResetNextTaskUnblockTime
                0x0800a7dc       0x40 ./Middlewares/Third_Party/FreeRTOS/Source/tasks.o
 .text.xTaskGetSchedulerState
                0x0800a81c       0x3c ./Middlewares/Third_Party/FreeRTOS/Source/tasks.o
                0x0800a81c                xTaskGetSchedulerState
 .text.xTaskPriorityDisinherit
                0x0800a858       0xe0 ./Middlewares/Third_Party/FreeRTOS/Source/tasks.o
                0x0800a858                xTaskPriorityDisinherit
 .text.prvAddCurrentTaskToDelayedList
                0x0800a938       0xa8 ./Middlewares/Third_Party/FreeRTOS/Source/tasks.o
 .text.xTimerCreateTimerTask
                0x0800a9e0       0x94 ./Middlewares/Third_Party/FreeRTOS/Source/timers.o
                0x0800a9e0                xTimerCreateTimerTask
 .text.xTimerGenericCommand
                0x0800aa74       0x9c ./Middlewares/Third_Party/FreeRTOS/Source/timers.o
                0x0800aa74                xTimerGenericCommand
 .text.prvProcessExpiredTimer
                0x0800ab10       0x9c ./Middlewares/Third_Party/FreeRTOS/Source/timers.o
 .text.prvTimerTask
                0x0800abac       0x26 ./Middlewares/Third_Party/FreeRTOS/Source/timers.o
 *fill*         0x0800abd2        0x2 
 .text.prvProcessTimerOrBlockTask
                0x0800abd4       0x9c ./Middlewares/Third_Party/FreeRTOS/Source/timers.o
 .text.prvGetNextExpireTime
                0x0800ac70       0x48 ./Middlewares/Third_Party/FreeRTOS/Source/timers.o
 .text.prvSampleTimeNow
                0x0800acb8       0x40 ./Middlewares/Third_Party/FreeRTOS/Source/timers.o
 .text.prvInsertTimerInActiveList
                0x0800acf8       0x84 ./Middlewares/Third_Party/FreeRTOS/Source/timers.o
 .text.prvProcessReceivedCommands
                0x0800ad7c      0x1cc ./Middlewares/Third_Party/FreeRTOS/Source/timers.o
 .text.prvSwitchTimerLists
                0x0800af48       0xcc ./Middlewares/Third_Party/FreeRTOS/Source/timers.o
 .text.prvCheckForValidListAndQueue
                0x0800b014       0x80 ./Middlewares/Third_Party/FreeRTOS/Source/timers.o
 .text.pxPortInitialiseStack
                0x0800b094       0x68 ./Middlewares/Third_Party/FreeRTOS/Source/portable/GCC/ARM_CM4F/port.o
                0x0800b094                pxPortInitialiseStack
 .text.prvTaskExitError
                0x0800b0fc       0x5c ./Middlewares/Third_Party/FreeRTOS/Source/portable/GCC/ARM_CM4F/port.o
 *fill*         0x0800b158        0x8 
 .text.SVC_Handler
                0x0800b160       0x28 ./Middlewares/Third_Party/FreeRTOS/Source/portable/GCC/ARM_CM4F/port.o
                0x0800b160                SVC_Handler
 .text.prvPortStartFirstTask
                0x0800b188       0x28 ./Middlewares/Third_Party/FreeRTOS/Source/portable/GCC/ARM_CM4F/port.o
 .text.xPortStartScheduler
                0x0800b1b0      0x148 ./Middlewares/Third_Party/FreeRTOS/Source/portable/GCC/ARM_CM4F/port.o
                0x0800b1b0                xPortStartScheduler
 .text.vPortEnterCritical
                0x0800b2f8       0x64 ./Middlewares/Third_Party/FreeRTOS/Source/portable/GCC/ARM_CM4F/port.o
                0x0800b2f8                vPortEnterCritical
 .text.vPortExitCritical
                0x0800b35c       0x54 ./Middlewares/Third_Party/FreeRTOS/Source/portable/GCC/ARM_CM4F/port.o
                0x0800b35c                vPortExitCritical
 .text.PendSV_Handler
                0x0800b3b0       0x68 ./Middlewares/Third_Party/FreeRTOS/Source/portable/GCC/ARM_CM4F/port.o
                0x0800b3b0                PendSV_Handler
 .text.xPortSysTickHandler
                0x0800b418       0x44 ./Middlewares/Third_Party/FreeRTOS/Source/portable/GCC/ARM_CM4F/port.o
                0x0800b418                xPortSysTickHandler
 .text.vPortSetupTimerInterrupt
                0x0800b45c       0x48 ./Middlewares/Third_Party/FreeRTOS/Source/portable/GCC/ARM_CM4F/port.o
                0x0800b45c                vPortSetupTimerInterrupt
 .text.vPortEnableVFP
                0x0800b4a4       0x14 ./Middlewares/Third_Party/FreeRTOS/Source/portable/GCC/ARM_CM4F/port.o
 .text.vPortValidateInterruptPriority
                0x0800b4b8       0x84 ./Middlewares/Third_Party/FreeRTOS/Source/portable/GCC/ARM_CM4F/port.o
                0x0800b4b8                vPortValidateInterruptPriority
 .text.pvPortMalloc
                0x0800b53c      0x19c ./Middlewares/Third_Party/FreeRTOS/Source/portable/MemMang/heap_4.o
                0x0800b53c                pvPortMalloc
 .text.vPortFree
                0x0800b6d8       0xc8 ./Middlewares/Third_Party/FreeRTOS/Source/portable/MemMang/heap_4.o
                0x0800b6d8                vPortFree
 .text.prvHeapInit
                0x0800b7a0       0xc4 ./Middlewares/Third_Party/FreeRTOS/Source/portable/MemMang/heap_4.o
 .text.prvInsertBlockIntoFreeList
                0x0800b864       0xb4 ./Middlewares/Third_Party/FreeRTOS/Source/portable/MemMang/heap_4.o
 .text.memset   0x0800b918       0x10 C:/ST/STM32CubeIDE_1.19.0/STM32CubeIDE/plugins/com.st.stm32cube.ide.mcu.externaltools.gnu-tools-for-stm32.13.3.rel1.win32_1.0.0.202411081344/tools/bin/../lib/gcc/arm-none-eabi/13.3.1/../../../../arm-none-eabi/lib/thumb/v7e-m+fp/hard\libc_nano.a(libc_a-memset.o)
                0x0800b918                memset
 .text.__libc_init_array
                0x0800b928       0x48 C:/ST/STM32CubeIDE_1.19.0/STM32CubeIDE/plugins/com.st.stm32cube.ide.mcu.externaltools.gnu-tools-for-stm32.13.3.rel1.win32_1.0.0.202411081344/tools/bin/../lib/gcc/arm-none-eabi/13.3.1/../../../../arm-none-eabi/lib/thumb/v7e-m+fp/hard\libc_nano.a(libc_a-init.o)
                0x0800b928                __libc_init_array
 .text.memcpy   0x0800b970       0x1c C:/ST/STM32CubeIDE_1.19.0/STM32CubeIDE/plugins/com.st.stm32cube.ide.mcu.externaltools.gnu-tools-for-stm32.13.3.rel1.win32_1.0.0.202411081344/tools/bin/../lib/gcc/arm-none-eabi/13.3.1/../../../../arm-none-eabi/lib/thumb/v7e-m+fp/hard\libc_nano.a(libc_a-memcpy-stub.o)
                0x0800b970                memcpy
 *(.glue_7)
 .glue_7        0x0800b98c        0x0 linker stubs
 *(.glue_7t)
 .glue_7t       0x0800b98c        0x0 linker stubs
 *(.eh_frame)
 .eh_frame      0x0800b98c        0x0 C:/ST/STM32CubeIDE_1.19.0/STM32CubeIDE/plugins/com.st.stm32cube.ide.mcu.externaltools.gnu-tools-for-stm32.13.3.rel1.win32_1.0.0.202411081344/tools/bin/../lib/gcc/arm-none-eabi/13.3.1/thumb/v7e-m+fp/hard/crtbegin.o
 *(.init)
 .init          0x0800b98c        0x4 C:/ST/STM32CubeIDE_1.19.0/STM32CubeIDE/plugins/com.st.stm32cube.ide.mcu.externaltools.gnu-tools-for-stm32.13.3.rel1.win32_1.0.0.202411081344/tools/bin/../lib/gcc/arm-none-eabi/13.3.1/thumb/v7e-m+fp/hard/crti.o
                0x0800b98c                _init
 .init          0x0800b990        0x8 C:/ST/STM32CubeIDE_1.19.0/STM32CubeIDE/plugins/com.st.stm32cube.ide.mcu.externaltools.gnu-tools-for-stm32.13.3.rel1.win32_1.0.0.202411081344/tools/bin/../lib/gcc/arm-none-eabi/13.3.1/thumb/v7e-m+fp/hard/crtn.o
 *(.fini)
 .fini          0x0800b998        0x4 C:/ST/STM32CubeIDE_1.19.0/STM32CubeIDE/plugins/com.st.stm32cube.ide.mcu.externaltools.gnu-tools-for-stm32.13.3.rel1.win32_1.0.0.202411081344/tools/bin/../lib/gcc/arm-none-eabi/13.3.1/thumb/v7e-m+fp/hard/crti.o
                0x0800b998                _fini
 .fini          0x0800b99c        0x8 C:/ST/STM32CubeIDE_1.19.0/STM32CubeIDE/plugins/com.st.stm32cube.ide.mcu.externaltools.gnu-tools-for-stm32.13.3.rel1.win32_1.0.0.202411081344/tools/bin/../lib/gcc/arm-none-eabi/13.3.1/thumb/v7e-m+fp/hard/crtn.o
                0x0800b9a4                        . = ALIGN (0x4)
                0x0800b9a4                        _etext = .

.vfp11_veneer   0x0800b9a4        0x0
 .vfp11_veneer  0x0800b9a4        0x0 linker stubs

.v4_bx          0x0800b9a4        0x0
 .v4_bx         0x0800b9a4        0x0 linker stubs

.iplt           0x0800b9a4        0x0
 .iplt          0x0800b9a4        0x0 C:/ST/STM32CubeIDE_1.19.0/STM32CubeIDE/plugins/com.st.stm32cube.ide.mcu.externaltools.gnu-tools-for-stm32.13.3.rel1.win32_1.0.0.202411081344/tools/bin/../lib/gcc/arm-none-eabi/13.3.1/thumb/v7e-m+fp/hard/crtbegin.o

.rodata         0x0800b9a4       0x74
                0x0800b9a4                        . = ALIGN (0x4)
 *(.rodata)
 .rodata        0x0800b9a4       0x39 ./App/Src/app_main.o
 *fill*         0x0800b9dd        0x3 
 .rodata        0x0800b9e0        0x5 ./Middlewares/Third_Party/FreeRTOS/Source/tasks.o
 *fill*         0x0800b9e5        0x3 
 .rodata        0x0800b9e8        0xd ./Middlewares/Third_Party/FreeRTOS/Source/timers.o
 *(.rodata*)
 *fill*         0x0800b9f5        0x3 
 .rodata.AHBPrescTable
                0x0800b9f8       0x10 ./Core/Src/system_stm32f4xx.o
                0x0800b9f8                AHBPrescTable
 .rodata.APBPrescTable
                0x0800ba08        0x8 ./Core/Src/system_stm32f4xx.o
                0x0800ba08                APBPrescTable
 .rodata.flagBitshiftOffset.0
                0x0800ba10        0x8 ./Drivers/STM32F4xx_HAL_Driver/Src/stm32f4xx_hal_dma.o
                0x0800ba18                        . = ALIGN (0x4)

.ARM.extab      0x0800ba18        0x0
                0x0800ba18                        . = ALIGN (0x4)
 *(.ARM.extab* .gnu.linkonce.armextab.*)
                0x0800ba18                        . = ALIGN (0x4)

.ARM            0x0800ba18        0x8
                0x0800ba18                        . = ALIGN (0x4)
                0x0800ba18                        __exidx_start = .
 *(.ARM.exidx*)
 .ARM.exidx     0x0800ba18        0x8 C:/ST/STM32CubeIDE_1.19.0/STM32CubeIDE/plugins/com.st.stm32cube.ide.mcu.externaltools.gnu-tools-for-stm32.13.3.rel1.win32_1.0.0.202411081344/tools/bin/../lib/gcc/arm-none-eabi/13.3.1/thumb/v7e-m+fp/hard\libgcc.a(_udivmoddi4.o)
                0x0800ba20                        __exidx_end = .
                0x0800ba20                        . = ALIGN (0x4)

.rel.dyn        0x0800ba20        0x0
 .rel.iplt      0x0800ba20        0x0 C:/ST/STM32CubeIDE_1.19.0/STM32CubeIDE/plugins/com.st.stm32cube.ide.mcu.externaltools.gnu-tools-for-stm32.13.3.rel1.win32_1.0.0.202411081344/tools/bin/../lib/gcc/arm-none-eabi/13.3.1/thumb/v7e-m+fp/hard/crtbegin.o

.preinit_array  0x0800ba20        0x0
                0x0800ba20                        . = ALIGN (0x4)
                0x0800ba20                        PROVIDE (__preinit_array_start = .)
 *(.preinit_array*)
                0x0800ba20                        PROVIDE (__preinit_array_end = .)
                0x0800ba20                        . = ALIGN (0x4)

.init_array     0x0800ba20        0x4
                0x0800ba20                        . = ALIGN (0x4)
                0x0800ba20                        PROVIDE (__init_array_start = .)
 *(SORT_BY_NAME(.init_array.*))
 *(.init_array*)
 .init_array    0x0800ba20        0x4 C:/ST/STM32CubeIDE_1.19.0/STM32CubeIDE/plugins/com.st.stm32cube.ide.mcu.externaltools.gnu-tools-for-stm32.13.3.rel1.win32_1.0.0.202411081344/tools/bin/../lib/gcc/arm-none-eabi/13.3.1/thumb/v7e-m+fp/hard/crtbegin.o
                0x0800ba24                        PROVIDE (__init_array_end = .)
                0x0800ba24                        . = ALIGN (0x4)

.fini_array     0x0800ba24        0x4
                0x0800ba24                        . = ALIGN (0x4)
                [!provide]                        PROVIDE (__fini_array_start = .)
 *(SORT_BY_NAME(.fini_array.*))
 *(.fini_array*)
 .fini_array    0x0800ba24        0x4 C:/ST/STM32CubeIDE_1.19.0/STM32CubeIDE/plugins/com.st.stm32cube.ide.mcu.externaltools.gnu-tools-for-stm32.13.3.rel1.win32_1.0.0.202411081344/tools/bin/../lib/gcc/arm-none-eabi/13.3.1/thumb/v7e-m+fp/hard/crtbegin.o
                [!provide]                        PROVIDE (__fini_array_end = .)
                0x0800ba28                        . = ALIGN (0x4)
                0x0800ba28                        _sidata = LOADADDR (.data)

.data           0x20000000       0x10 load address 0x0800ba28
                0x20000000                        . = ALIGN (0x4)
                0x20000000                        _sdata = .
 *(.data)
 *(.data*)
 .data.SystemCoreClock
                0x20000000        0x4 ./Core/Src/system_stm32f4xx.o
                0x20000000                SystemCoreClock
 .data.uwTickPrio
                0x20000004        0x4 ./Drivers/STM32F4xx_HAL_Driver/Src/stm32f4xx_hal.o
                0x20000004                uwTickPrio
 .data.uwTickFreq
                0x20000008        0x1 ./Drivers/STM32F4xx_HAL_Driver/Src/stm32f4xx_hal.o
                0x20000008                uwTickFreq
 *fill*         0x20000009        0x3 
 .data.uxCriticalNesting
                0x2000000c        0x4 ./Middlewares/Third_Party/FreeRTOS/Source/portable/GCC/ARM_CM4F/port.o
 *(.RamFunc)
 *(.RamFunc*)
                0x20000010                        . = ALIGN (0x4)
                0x20000010                        _edata = .

.igot.plt       0x20000010        0x0 load address 0x0800ba38
 .igot.plt      0x20000010        0x0 C:/ST/STM32CubeIDE_1.19.0/STM32CubeIDE/plugins/com.st.stm32cube.ide.mcu.externaltools.gnu-tools-for-stm32.13.3.rel1.win32_1.0.0.202411081344/tools/bin/../lib/gcc/arm-none-eabi/13.3.1/thumb/v7e-m+fp/hard/crtbegin.o
                0x20000010                        . = ALIGN (0x4)

.bss            0x20000010     0x4e98 load address 0x0800ba38
                0x20000010                        _sbss = .
                0x20000010                        __bss_start__ = _sbss
 *(.bss)
 .bss           0x20000010       0x1c C:/ST/STM32CubeIDE_1.19.0/STM32CubeIDE/plugins/com.st.stm32cube.ide.mcu.externaltools.gnu-tools-for-stm32.13.3.rel1.win32_1.0.0.202411081344/tools/bin/../lib/gcc/arm-none-eabi/13.3.1/thumb/v7e-m+fp/hard/crtbegin.o
 *(.bss*)
 .bss.canRxQueueHandle
                0x2000002c        0x4 ./App/Src/app_main.o
                0x2000002c                canRxQueueHandle
 .bss.dtcStorageQueueHandle
                0x20000030        0x4 ./App/Src/app_main.o
 .bss.g_lastAdcVoltage
                0x20000034        0x4 ./App/Src/app_main.o
 .bss.hadc1     0x20000038       0x48 ./Core/Src/main.o
                0x20000038                hadc1
 .bss.hcan1     0x20000080       0x28 ./Core/Src/main.o
                0x20000080                hcan1
 .bss.hi2c1     0x200000a8       0x54 ./Core/Src/main.o
                0x200000a8                hi2c1
 .bss.hi2c2     0x200000fc       0x54 ./Core/Src/main.o
                0x200000fc                hi2c2
 .bss.hdma_i2c1_rx
                0x20000150       0x60 ./Core/Src/main.o
                0x20000150                hdma_i2c1_rx
 .bss.hdma_i2c1_tx
                0x200001b0       0x60 ./Core/Src/main.o
                0x200001b0                hdma_i2c1_tx
 .bss.hdma_i2c2_rx
                0x20000210       0x60 ./Core/Src/main.o
                0x20000210                hdma_i2c2_rx
 .bss.hdma_i2c2_tx
                0x20000270       0x60 ./Core/Src/main.o
                0x20000270                hdma_i2c2_tx
 .bss.hspi1     0x200002d0       0x58 ./Core/Src/main.o
                0x200002d0                hspi1
 .bss.hspi2     0x20000328       0x58 ./Core/Src/main.o
                0x20000328                hspi2
 .bss.hdma_spi1_rx
                0x20000380       0x60 ./Core/Src/main.o
                0x20000380                hdma_spi1_rx
 .bss.hdma_spi1_tx
                0x200003e0       0x60 ./Core/Src/main.o
                0x200003e0                hdma_spi1_tx
 .bss.hdma_spi2_rx
                0x20000440       0x60 ./Core/Src/main.o
                0x20000440                hdma_spi2_rx
 .bss.hdma_spi2_tx
                0x200004a0       0x60 ./Core/Src/main.o
                0x200004a0                hdma_spi2_tx
 .bss.huart4    0x20000500       0x44 ./Core/Src/main.o
                0x20000500                huart4
 .bss.g_hspi    0x20000544        0x4 ./Drivers/IC/eeprom_25lc256.o
 .bss.g_hspi    0x20000548        0x4 ./Drivers/IC/gatedriver_drv8871.o
 .bss.g_hi2c    0x2000054c        0x4 ./Drivers/IC/pmic_mp5475.o
 .bss.g_hcan    0x20000550        0x4 ./Drivers/Protocol/can_manager.o
 .bss.uwTick    0x20000554        0x4 ./Drivers/STM32F4xx_HAL_Driver/Src/stm32f4xx_hal.o
                0x20000554                uwTick
 .bss.KernelState
                0x20000558        0x4 ./Middlewares/Third_Party/FreeRTOS/Source/CMSIS_RTOS_V2/cmsis_os2.o
 .bss.Idle_TCB.3
                0x2000055c       0x5c ./Middlewares/Third_Party/FreeRTOS/Source/CMSIS_RTOS_V2/cmsis_os2.o
 .bss.Idle_Stack.2
                0x200005b8      0x200 ./Middlewares/Third_Party/FreeRTOS/Source/CMSIS_RTOS_V2/cmsis_os2.o
 .bss.Timer_TCB.1
                0x200007b8       0x5c ./Middlewares/Third_Party/FreeRTOS/Source/CMSIS_RTOS_V2/cmsis_os2.o
 .bss.Timer_Stack.0
                0x20000814      0x400 ./Middlewares/Third_Party/FreeRTOS/Source/CMSIS_RTOS_V2/cmsis_os2.o
 .bss.xQueueRegistry
                0x20000c14       0x40 ./Middlewares/Third_Party/FreeRTOS/Source/queue.o
                0x20000c14                xQueueRegistry
 .bss.pxCurrentTCB
                0x20000c54        0x4 ./Middlewares/Third_Party/FreeRTOS/Source/tasks.o
                0x20000c54                pxCurrentTCB
 .bss.pxReadyTasksLists
                0x20000c58      0x460 ./Middlewares/Third_Party/FreeRTOS/Source/tasks.o
 .bss.xDelayedTaskList1
                0x200010b8       0x14 ./Middlewares/Third_Party/FreeRTOS/Source/tasks.o
 .bss.xDelayedTaskList2
                0x200010cc       0x14 ./Middlewares/Third_Party/FreeRTOS/Source/tasks.o
 .bss.pxDelayedTaskList
                0x200010e0        0x4 ./Middlewares/Third_Party/FreeRTOS/Source/tasks.o
 .bss.pxOverflowDelayedTaskList
                0x200010e4        0x4 ./Middlewares/Third_Party/FreeRTOS/Source/tasks.o
 .bss.xPendingReadyList
                0x200010e8       0x14 ./Middlewares/Third_Party/FreeRTOS/Source/tasks.o
 .bss.xTasksWaitingTermination
                0x200010fc       0x14 ./Middlewares/Third_Party/FreeRTOS/Source/tasks.o
 .bss.uxDeletedTasksWaitingCleanUp
                0x20001110        0x4 ./Middlewares/Third_Party/FreeRTOS/Source/tasks.o
 .bss.xSuspendedTaskList
                0x20001114       0x14 ./Middlewares/Third_Party/FreeRTOS/Source/tasks.o
 .bss.uxCurrentNumberOfTasks
                0x20001128        0x4 ./Middlewares/Third_Party/FreeRTOS/Source/tasks.o
 .bss.xTickCount
                0x2000112c        0x4 ./Middlewares/Third_Party/FreeRTOS/Source/tasks.o
 .bss.uxTopReadyPriority
                0x20001130        0x4 ./Middlewares/Third_Party/FreeRTOS/Source/tasks.o
 .bss.xSchedulerRunning
                0x20001134        0x4 ./Middlewares/Third_Party/FreeRTOS/Source/tasks.o
 .bss.xPendedTicks
                0x20001138        0x4 ./Middlewares/Third_Party/FreeRTOS/Source/tasks.o
 .bss.xYieldPending
                0x2000113c        0x4 ./Middlewares/Third_Party/FreeRTOS/Source/tasks.o
 .bss.xNumOfOverflows
                0x20001140        0x4 ./Middlewares/Third_Party/FreeRTOS/Source/tasks.o
 .bss.uxTaskNumber
                0x20001144        0x4 ./Middlewares/Third_Party/FreeRTOS/Source/tasks.o
 .bss.xNextTaskUnblockTime
                0x20001148        0x4 ./Middlewares/Third_Party/FreeRTOS/Source/tasks.o
 .bss.xIdleTaskHandle
                0x2000114c        0x4 ./Middlewares/Third_Party/FreeRTOS/Source/tasks.o
 .bss.uxSchedulerSuspended
                0x20001150        0x4 ./Middlewares/Third_Party/FreeRTOS/Source/tasks.o
 .bss.xActiveTimerList1
                0x20001154       0x14 ./Middlewares/Third_Party/FreeRTOS/Source/timers.o
 .bss.xActiveTimerList2
                0x20001168       0x14 ./Middlewares/Third_Party/FreeRTOS/Source/timers.o
 .bss.pxCurrentTimerList
                0x2000117c        0x4 ./Middlewares/Third_Party/FreeRTOS/Source/timers.o
 .bss.pxOverflowTimerList
                0x20001180        0x4 ./Middlewares/Third_Party/FreeRTOS/Source/timers.o
 .bss.xTimerQueue
                0x20001184        0x4 ./Middlewares/Third_Party/FreeRTOS/Source/timers.o
 .bss.xTimerTaskHandle
                0x20001188        0x4 ./Middlewares/Third_Party/FreeRTOS/Source/timers.o
 .bss.xLastTime.2
                0x2000118c        0x4 ./Middlewares/Third_Party/FreeRTOS/Source/timers.o
 .bss.ucStaticTimerQueueStorage.1
                0x20001190       0xa0 ./Middlewares/Third_Party/FreeRTOS/Source/timers.o
 .bss.xStaticTimerQueue.0
                0x20001230       0x50 ./Middlewares/Third_Party/FreeRTOS/Source/timers.o
 .bss.ucMaxSysCallPriority
                0x20001280        0x1 ./Middlewares/Third_Party/FreeRTOS/Source/portable/GCC/ARM_CM4F/port.o
 *fill*         0x20001281        0x3 
 .bss.ulMaxPRIGROUPValue
                0x20001284        0x4 ./Middlewares/Third_Party/FreeRTOS/Source/portable/GCC/ARM_CM4F/port.o
 .bss.ucHeap    0x20001288     0x3c00 ./Middlewares/Third_Party/FreeRTOS/Source/portable/MemMang/heap_4.o
 .bss.xStart    0x20004e88        0x8 ./Middlewares/Third_Party/FreeRTOS/Source/portable/MemMang/heap_4.o
 .bss.pxEnd     0x20004e90        0x4 ./Middlewares/Third_Party/FreeRTOS/Source/portable/MemMang/heap_4.o
 .bss.xFreeBytesRemaining
                0x20004e94        0x4 ./Middlewares/Third_Party/FreeRTOS/Source/portable/MemMang/heap_4.o
 .bss.xMinimumEverFreeBytesRemaining
                0x20004e98        0x4 ./Middlewares/Third_Party/FreeRTOS/Source/portable/MemMang/heap_4.o
 .bss.xNumberOfSuccessfulAllocations
                0x20004e9c        0x4 ./Middlewares/Third_Party/FreeRTOS/Source/portable/MemMang/heap_4.o
 .bss.xNumberOfSuccessfulFrees
                0x20004ea0        0x4 ./Middlewares/Third_Party/FreeRTOS/Source/portable/MemMang/heap_4.o
 .bss.xBlockAllocatedBit
                0x20004ea4        0x4 ./Middlewares/Third_Party/FreeRTOS/Source/portable/MemMang/heap_4.o
 *(COMMON)
                0x20004ea8                        . = ALIGN (0x4)
                0x20004ea8                        _ebss = .
                0x20004ea8                        __bss_end__ = _ebss

._user_heap_stack
                0x20004ea8      0x600 load address 0x0800ba38
                0x20004ea8                        . = ALIGN (0x8)
                [!provide]                        PROVIDE (end = .)
                0x20004ea8                        PROVIDE (_end = .)
                0x200050a8                        . = (. + _Min_Heap_Size)
 *fill*         0x20004ea8      0x200 
                0x200054a8                        . = (. + _Min_Stack_Size)
 *fill*         0x200050a8      0x400 
                0x200054a8                        . = ALIGN (0x8)

/DISCARD/
 libc.a(*)
 libm.a(*)
 libgcc.a(*)

.ARM.attributes
                0x00000000       0x30
 *(.ARM.attributes)
 .ARM.attributes
                0x00000000       0x22 C:/ST/STM32CubeIDE_1.19.0/STM32CubeIDE/plugins/com.st.stm32cube.ide.mcu.externaltools.gnu-tools-for-stm32.13.3.rel1.win32_1.0.0.202411081344/tools/bin/../lib/gcc/arm-none-eabi/13.3.1/thumb/v7e-m+fp/hard/crti.o
 .ARM.attributes
                0x00000022       0x34 C:/ST/STM32CubeIDE_1.19.0/STM32CubeIDE/plugins/com.st.stm32cube.ide.mcu.externaltools.gnu-tools-for-stm32.13.3.rel1.win32_1.0.0.202411081344/tools/bin/../lib/gcc/arm-none-eabi/13.3.1/thumb/v7e-m+fp/hard/crtbegin.o
 .ARM.attributes
                0x00000056       0x34 ./App/Src/app_main.o
 .ARM.attributes
                0x0000008a       0x34 ./Core/Src/main.o
 .ARM.attributes
                0x000000be       0x34 ./Core/Src/stm32f4xx_hal_msp.o
 .ARM.attributes
                0x000000f2       0x34 ./Core/Src/stm32f4xx_it.o
 .ARM.attributes
                0x00000126       0x34 ./Core/Src/system_stm32f4xx.o
 .ARM.attributes
                0x0000015a       0x21 ./Core/Startup/startup_stm32f413zhtx.o
 .ARM.attributes
                0x0000017b       0x34 ./Drivers/IC/eeprom_25lc256.o
 .ARM.attributes
                0x000001af       0x34 ./Drivers/IC/gatedriver_drv8871.o
 .ARM.attributes
                0x000001e3       0x34 ./Drivers/IC/pmic_mp5475.o
 .ARM.attributes
                0x00000217       0x34 ./Drivers/Protocol/can_manager.o
 .ARM.attributes
                0x0000024b       0x34 ./Drivers/STM32F4xx_HAL_Driver/Src/stm32f4xx_hal.o
 .ARM.attributes
                0x0000027f       0x34 ./Drivers/STM32F4xx_HAL_Driver/Src/stm32f4xx_hal_adc.o
 .ARM.attributes
                0x000002b3       0x34 ./Drivers/STM32F4xx_HAL_Driver/Src/stm32f4xx_hal_can.o
 .ARM.attributes
                0x000002e7       0x34 ./Drivers/STM32F4xx_HAL_Driver/Src/stm32f4xx_hal_cortex.o
 .ARM.attributes
                0x0000031b       0x34 ./Drivers/STM32F4xx_HAL_Driver/Src/stm32f4xx_hal_dma.o
 .ARM.attributes
                0x0000034f       0x34 ./Drivers/STM32F4xx_HAL_Driver/Src/stm32f4xx_hal_gpio.o
 .ARM.attributes
                0x00000383       0x34 ./Drivers/STM32F4xx_HAL_Driver/Src/stm32f4xx_hal_i2c.o
 .ARM.attributes
                0x000003b7       0x34 ./Drivers/STM32F4xx_HAL_Driver/Src/stm32f4xx_hal_rcc.o
 .ARM.attributes
                0x000003eb       0x34 ./Drivers/STM32F4xx_HAL_Driver/Src/stm32f4xx_hal_rcc_ex.o
 .ARM.attributes
                0x0000041f       0x34 ./Drivers/STM32F4xx_HAL_Driver/Src/stm32f4xx_hal_spi.o
 .ARM.attributes
                0x00000453       0x34 ./Drivers/STM32F4xx_HAL_Driver/Src/stm32f4xx_hal_uart.o
 .ARM.attributes
                0x00000487       0x34 ./Middlewares/Third_Party/FreeRTOS/Source/CMSIS_RTOS_V2/cmsis_os2.o
 .ARM.attributes
                0x000004bb       0x34 ./Middlewares/Third_Party/FreeRTOS/Source/list.o
 .ARM.attributes
                0x000004ef       0x34 ./Middlewares/Third_Party/FreeRTOS/Source/queue.o
 .ARM.attributes
                0x00000523       0x34 ./Middlewares/Third_Party/FreeRTOS/Source/tasks.o
 .ARM.attributes
                0x00000557       0x34 ./Middlewares/Third_Party/FreeRTOS/Source/timers.o
 .ARM.attributes
                0x0000058b       0x34 ./Middlewares/Third_Party/FreeRTOS/Source/portable/GCC/ARM_CM4F/port.o
 .ARM.attributes
                0x000005bf       0x34 ./Middlewares/Third_Party/FreeRTOS/Source/portable/MemMang/heap_4.o
 .ARM.attributes
                0x000005f3       0x34 C:/ST/STM32CubeIDE_1.19.0/STM32CubeIDE/plugins/com.st.stm32cube.ide.mcu.externaltools.gnu-tools-for-stm32.13.3.rel1.win32_1.0.0.202411081344/tools/bin/../lib/gcc/arm-none-eabi/13.3.1/../../../../arm-none-eabi/lib/thumb/v7e-m+fp/hard\libc_nano.a(libc_a-memset.o)
 .ARM.attributes
                0x00000627       0x34 C:/ST/STM32CubeIDE_1.19.0/STM32CubeIDE/plugins/com.st.stm32cube.ide.mcu.externaltools.gnu-tools-for-stm32.13.3.rel1.win32_1.0.0.202411081344/tools/bin/../lib/gcc/arm-none-eabi/13.3.1/../../../../arm-none-eabi/lib/thumb/v7e-m+fp/hard\libc_nano.a(libc_a-init.o)
 .ARM.attributes
                0x0000065b       0x34 C:/ST/STM32CubeIDE_1.19.0/STM32CubeIDE/plugins/com.st.stm32cube.ide.mcu.externaltools.gnu-tools-for-stm32.13.3.rel1.win32_1.0.0.202411081344/tools/bin/../lib/gcc/arm-none-eabi/13.3.1/../../../../arm-none-eabi/lib/thumb/v7e-m+fp/hard\libc_nano.a(libc_a-memcpy-stub.o)
 .ARM.attributes
                0x0000068f       0x22 C:/ST/STM32CubeIDE_1.19.0/STM32CubeIDE/plugins/com.st.stm32cube.ide.mcu.externaltools.gnu-tools-for-stm32.13.3.rel1.win32_1.0.0.202411081344/tools/bin/../lib/gcc/arm-none-eabi/13.3.1/thumb/v7e-m+fp/hard\libgcc.a(_aeabi_uldivmod.o)
 .ARM.attributes
                0x000006b1       0x34 C:/ST/STM32CubeIDE_1.19.0/STM32CubeIDE/plugins/com.st.stm32cube.ide.mcu.externaltools.gnu-tools-for-stm32.13.3.rel1.win32_1.0.0.202411081344/tools/bin/../lib/gcc/arm-none-eabi/13.3.1/thumb/v7e-m+fp/hard\libgcc.a(_udivmoddi4.o)
 .ARM.attributes
                0x000006e5       0x22 C:/ST/STM32CubeIDE_1.19.0/STM32CubeIDE/plugins/com.st.stm32cube.ide.mcu.externaltools.gnu-tools-for-stm32.13.3.rel1.win32_1.0.0.202411081344/tools/bin/../lib/gcc/arm-none-eabi/13.3.1/thumb/v7e-m+fp/hard\libgcc.a(_dvmd_tls.o)
 .ARM.attributes
                0x00000707       0x22 C:/ST/STM32CubeIDE_1.19.0/STM32CubeIDE/plugins/com.st.stm32cube.ide.mcu.externaltools.gnu-tools-for-stm32.13.3.rel1.win32_1.0.0.202411081344/tools/bin/../lib/gcc/arm-none-eabi/13.3.1/thumb/v7e-m+fp/hard/crtn.o
OUTPUT(RTOS_DTC_Comento.elf elf32-littlearm)
LOAD linker stubs
LOAD C:/ST/STM32CubeIDE_1.19.0/STM32CubeIDE/plugins/com.st.stm32cube.ide.mcu.externaltools.gnu-tools-for-stm32.13.3.rel1.win32_1.0.0.202411081344/tools/bin/../lib/gcc/arm-none-eabi/13.3.1/../../../../arm-none-eabi/lib/thumb/v7e-m+fp/hard\libc.a
LOAD C:/ST/STM32CubeIDE_1.19.0/STM32CubeIDE/plugins/com.st.stm32cube.ide.mcu.externaltools.gnu-tools-for-stm32.13.3.rel1.win32_1.0.0.202411081344/tools/bin/../lib/gcc/arm-none-eabi/13.3.1/../../../../arm-none-eabi/lib/thumb/v7e-m+fp/hard\libm.a
LOAD C:/ST/STM32CubeIDE_1.19.0/STM32CubeIDE/plugins/com.st.stm32cube.ide.mcu.externaltools.gnu-tools-for-stm32.13.3.rel1.win32_1.0.0.202411081344/tools/bin/../lib/gcc/arm-none-eabi/13.3.1/thumb/v7e-m+fp/hard\libgcc.a

.debug_info     0x00000000    0x1e0fd
 .debug_info    0x00000000     0x190e ./App/Src/app_main.o
 .debug_info    0x0000190e     0x21a1 ./Core/Src/main.o
 .debug_info    0x00003aaf     0x1a71 ./Core/Src/stm32f4xx_hal_msp.o
 .debug_info    0x00005520     0x12b8 ./Core/Src/stm32f4xx_it.o
 .debug_info    0x000067d8      0x54a ./Core/Src/system_stm32f4xx.o
 .debug_info    0x00006d22       0x30 ./Core/Startup/startup_stm32f413zhtx.o
 .debug_info    0x00006d52      0x83c ./Drivers/IC/eeprom_25lc256.o
 .debug_info    0x0000758e      0x613 ./Drivers/IC/gatedriver_drv8871.o
 .debug_info    0x00007ba1      0x75c ./Drivers/IC/pmic_mp5475.o
 .debug_info    0x000082fd      0x755 ./Drivers/Protocol/can_manager.o
 .debug_info    0x00008a52      0x9ce ./Drivers/STM32F4xx_HAL_Driver/Src/stm32f4xx_hal.o
 .debug_info    0x00009420      0xcb6 ./Drivers/STM32F4xx_HAL_Driver/Src/stm32f4xx_hal_adc.o
 .debug_info    0x0000a0d6      0xefd ./Drivers/STM32F4xx_HAL_Driver/Src/stm32f4xx_hal_can.o
 .debug_info    0x0000afd3      0xd94 ./Drivers/STM32F4xx_HAL_Driver/Src/stm32f4xx_hal_cortex.o
 .debug_info    0x0000bd67      0x8e7 ./Drivers/STM32F4xx_HAL_Driver/Src/stm32f4xx_hal_dma.o
 .debug_info    0x0000c64e      0x723 ./Drivers/STM32F4xx_HAL_Driver/Src/stm32f4xx_hal_gpio.o
 .debug_info    0x0000cd71     0x23ed ./Drivers/STM32F4xx_HAL_Driver/Src/stm32f4xx_hal_i2c.o
 .debug_info    0x0000f15e      0x8ed ./Drivers/STM32F4xx_HAL_Driver/Src/stm32f4xx_hal_rcc.o
 .debug_info    0x0000fa4b      0x82d ./Drivers/STM32F4xx_HAL_Driver/Src/stm32f4xx_hal_rcc_ex.o
 .debug_info    0x00010278     0x15fb ./Drivers/STM32F4xx_HAL_Driver/Src/stm32f4xx_hal_spi.o
 .debug_info    0x00011873     0x2f9a ./Drivers/STM32F4xx_HAL_Driver/Src/stm32f4xx_hal_uart.o
 .debug_info    0x0001480d     0x3aa1 ./Middlewares/Third_Party/FreeRTOS/Source/CMSIS_RTOS_V2/cmsis_os2.o
 .debug_info    0x000182ae      0x2af ./Middlewares/Third_Party/FreeRTOS/Source/list.o
 .debug_info    0x0001855d     0x1b79 ./Middlewares/Third_Party/FreeRTOS/Source/queue.o
 .debug_info    0x0001a0d6     0x21ec ./Middlewares/Third_Party/FreeRTOS/Source/tasks.o
 .debug_info    0x0001c2c2     0x1488 ./Middlewares/Third_Party/FreeRTOS/Source/timers.o
 .debug_info    0x0001d74a      0x4de ./Middlewares/Third_Party/FreeRTOS/Source/portable/GCC/ARM_CM4F/port.o
 .debug_info    0x0001dc28      0x4d5 ./Middlewares/Third_Party/FreeRTOS/Source/portable/MemMang/heap_4.o

.debug_abbrev   0x00000000     0x4263
 .debug_abbrev  0x00000000      0x2c1 ./App/Src/app_main.o
 .debug_abbrev  0x000002c1      0x327 ./Core/Src/main.o
 .debug_abbrev  0x000005e8      0x277 ./Core/Src/stm32f4xx_hal_msp.o
 .debug_abbrev  0x0000085f      0x25b ./Core/Src/stm32f4xx_it.o
 .debug_abbrev  0x00000aba      0x11a ./Core/Src/system_stm32f4xx.o
 .debug_abbrev  0x00000bd4       0x24 ./Core/Startup/startup_stm32f413zhtx.o
 .debug_abbrev  0x00000bf8      0x1c4 ./Drivers/IC/eeprom_25lc256.o
 .debug_abbrev  0x00000dbc      0x167 ./Drivers/IC/gatedriver_drv8871.o
 .debug_abbrev  0x00000f23      0x1a4 ./Drivers/IC/pmic_mp5475.o
 .debug_abbrev  0x000010c7      0x1c7 ./Drivers/Protocol/can_manager.o
 .debug_abbrev  0x0000128e      0x213 ./Drivers/STM32F4xx_HAL_Driver/Src/stm32f4xx_hal.o
 .debug_abbrev  0x000014a1      0x252 ./Drivers/STM32F4xx_HAL_Driver/Src/stm32f4xx_hal_adc.o
 .debug_abbrev  0x000016f3      0x23b ./Drivers/STM32F4xx_HAL_Driver/Src/stm32f4xx_hal_can.o
 .debug_abbrev  0x0000192e      0x327 ./Drivers/STM32F4xx_HAL_Driver/Src/stm32f4xx_hal_cortex.o
 .debug_abbrev  0x00001c55      0x264 ./Drivers/STM32F4xx_HAL_Driver/Src/stm32f4xx_hal_dma.o
 .debug_abbrev  0x00001eb9      0x1d4 ./Drivers/STM32F4xx_HAL_Driver/Src/stm32f4xx_hal_gpio.o
 .debug_abbrev  0x0000208d      0x2ad ./Drivers/STM32F4xx_HAL_Driver/Src/stm32f4xx_hal_i2c.o
 .debug_abbrev  0x0000233a      0x2b6 ./Drivers/STM32F4xx_HAL_Driver/Src/stm32f4xx_hal_rcc.o
 .debug_abbrev  0x000025f0      0x1e4 ./Drivers/STM32F4xx_HAL_Driver/Src/stm32f4xx_hal_rcc_ex.o
 .debug_abbrev  0x000027d4      0x284 ./Drivers/STM32F4xx_HAL_Driver/Src/stm32f4xx_hal_spi.o
 .debug_abbrev  0x00002a58      0x307 ./Drivers/STM32F4xx_HAL_Driver/Src/stm32f4xx_hal_uart.o
 .debug_abbrev  0x00002d5f      0x508 ./Middlewares/Third_Party/FreeRTOS/Source/CMSIS_RTOS_V2/cmsis_os2.o
 .debug_abbrev  0x00003267       0xf5 ./Middlewares/Third_Party/FreeRTOS/Source/list.o
 .debug_abbrev  0x0000335c      0x3b6 ./Middlewares/Third_Party/FreeRTOS/Source/queue.o
 .debug_abbrev  0x00003712      0x386 ./Middlewares/Third_Party/FreeRTOS/Source/tasks.o
 .debug_abbrev  0x00003a98      0x352 ./Middlewares/Third_Party/FreeRTOS/Source/timers.o
 .debug_abbrev  0x00003dea      0x25c ./Middlewares/Third_Party/FreeRTOS/Source/portable/GCC/ARM_CM4F/port.o
 .debug_abbrev  0x00004046      0x21d ./Middlewares/Third_Party/FreeRTOS/Source/portable/MemMang/heap_4.o

.debug_aranges  0x00000000     0x17b8
 .debug_aranges
                0x00000000       0x38 ./App/Src/app_main.o
 .debug_aranges
                0x00000038       0xa0 ./Core/Src/main.o
 .debug_aranges
                0x000000d8       0x70 ./Core/Src/stm32f4xx_hal_msp.o
 .debug_aranges
                0x00000148       0xd8 ./Core/Src/stm32f4xx_it.o
 .debug_aranges
                0x00000220       0x28 ./Core/Src/system_stm32f4xx.o
 .debug_aranges
                0x00000248       0x28 ./Core/Startup/startup_stm32f413zhtx.o
 .debug_aranges
                0x00000270       0x48 ./Drivers/IC/eeprom_25lc256.o
 .debug_aranges
                0x000002b8       0x30 ./Drivers/IC/gatedriver_drv8871.o
 .debug_aranges
                0x000002e8       0x28 ./Drivers/IC/pmic_mp5475.o
 .debug_aranges
                0x00000310       0x30 ./Drivers/Protocol/can_manager.o
 .debug_aranges
                0x00000340       0xf0 ./Drivers/STM32F4xx_HAL_Driver/Src/stm32f4xx_hal.o
 .debug_aranges
                0x00000430       0xe8 ./Drivers/STM32F4xx_HAL_Driver/Src/stm32f4xx_hal_adc.o
 .debug_aranges
                0x00000518      0x138 ./Drivers/STM32F4xx_HAL_Driver/Src/stm32f4xx_hal_can.o
 .debug_aranges
                0x00000650      0x118 ./Drivers/STM32F4xx_HAL_Driver/Src/stm32f4xx_hal_cortex.o
 .debug_aranges
                0x00000768       0x90 ./Drivers/STM32F4xx_HAL_Driver/Src/stm32f4xx_hal_dma.o
 .debug_aranges
                0x000007f8       0x58 ./Drivers/STM32F4xx_HAL_Driver/Src/stm32f4xx_hal_gpio.o
 .debug_aranges
                0x00000850      0x2a0 ./Drivers/STM32F4xx_HAL_Driver/Src/stm32f4xx_hal_i2c.o
 .debug_aranges
                0x00000af0       0x88 ./Drivers/STM32F4xx_HAL_Driver/Src/stm32f4xx_hal_rcc.o
 .debug_aranges
                0x00000b78       0x60 ./Drivers/STM32F4xx_HAL_Driver/Src/stm32f4xx_hal_rcc_ex.o
 .debug_aranges
                0x00000bd8      0x1d0 ./Drivers/STM32F4xx_HAL_Driver/Src/stm32f4xx_hal_spi.o
 .debug_aranges
                0x00000da8      0x200 ./Drivers/STM32F4xx_HAL_Driver/Src/stm32f4xx_hal_uart.o
 .debug_aranges
                0x00000fa8      0x2a8 ./Middlewares/Third_Party/FreeRTOS/Source/CMSIS_RTOS_V2/cmsis_os2.o
 .debug_aranges
                0x00001250       0x40 ./Middlewares/Third_Party/FreeRTOS/Source/list.o
 .debug_aranges
                0x00001290      0x158 ./Middlewares/Third_Party/FreeRTOS/Source/queue.o
 .debug_aranges
                0x000013e8      0x208 ./Middlewares/Third_Party/FreeRTOS/Source/tasks.o
 .debug_aranges
                0x000015f0       0xf0 ./Middlewares/Third_Party/FreeRTOS/Source/timers.o
 .debug_aranges
                0x000016e0       0x80 ./Middlewares/Third_Party/FreeRTOS/Source/portable/GCC/ARM_CM4F/port.o
 .debug_aranges
                0x00001760       0x58 ./Middlewares/Third_Party/FreeRTOS/Source/portable/MemMang/heap_4.o

.debug_rnglists
                0x00000000     0x1269
 .debug_rnglists
                0x00000000       0x28 ./App/Src/app_main.o
 .debug_rnglists
                0x00000028       0x77 ./Core/Src/main.o
 .debug_rnglists
                0x0000009f       0x56 ./Core/Src/stm32f4xx_hal_msp.o
 .debug_rnglists
                0x000000f5       0x9d ./Core/Src/stm32f4xx_it.o
 .debug_rnglists
                0x00000192       0x1a ./Core/Src/system_stm32f4xx.o
 .debug_rnglists
                0x000001ac       0x19 ./Core/Startup/startup_stm32f413zhtx.o
 .debug_rnglists
                0x000001c5       0x31 ./Drivers/IC/eeprom_25lc256.o
 .debug_rnglists
                0x000001f6       0x1f ./Drivers/IC/gatedriver_drv8871.o
 .debug_rnglists
                0x00000215       0x1a ./Drivers/IC/pmic_mp5475.o
 .debug_rnglists
                0x0000022f       0x1f ./Drivers/Protocol/can_manager.o
 .debug_rnglists
                0x0000024e       0xaf ./Drivers/STM32F4xx_HAL_Driver/Src/stm32f4xx_hal.o
 .debug_rnglists
                0x000002fd       0xb5 ./Drivers/STM32F4xx_HAL_Driver/Src/stm32f4xx_hal_adc.o
 .debug_rnglists
                0x000003b2       0xee ./Drivers/STM32F4xx_HAL_Driver/Src/stm32f4xx_hal_can.o
 .debug_rnglists
                0x000004a0       0xce ./Drivers/STM32F4xx_HAL_Driver/Src/stm32f4xx_hal_cortex.o
 .debug_rnglists
                0x0000056e       0x70 ./Drivers/STM32F4xx_HAL_Driver/Src/stm32f4xx_hal_dma.o
 .debug_rnglists
                0x000005de       0x3f ./Drivers/STM32F4xx_HAL_Driver/Src/stm32f4xx_hal_gpio.o
 .debug_rnglists
                0x0000061d      0x23f ./Drivers/STM32F4xx_HAL_Driver/Src/stm32f4xx_hal_i2c.o
 .debug_rnglists
                0x0000085c       0x66 ./Drivers/STM32F4xx_HAL_Driver/Src/stm32f4xx_hal_rcc.o
 .debug_rnglists
                0x000008c2       0x4a ./Drivers/STM32F4xx_HAL_Driver/Src/stm32f4xx_hal_rcc_ex.o
 .debug_rnglists
                0x0000090c      0x16f ./Drivers/STM32F4xx_HAL_Driver/Src/stm32f4xx_hal_spi.o
 .debug_rnglists
                0x00000a7b      0x1b7 ./Drivers/STM32F4xx_HAL_Driver/Src/stm32f4xx_hal_uart.o
 .debug_rnglists
                0x00000c32      0x20c ./Middlewares/Third_Party/FreeRTOS/Source/CMSIS_RTOS_V2/cmsis_os2.o
 .debug_rnglists
                0x00000e3e       0x2b ./Middlewares/Third_Party/FreeRTOS/Source/list.o
 .debug_rnglists
                0x00000e69      0x109 ./Middlewares/Third_Party/FreeRTOS/Source/queue.o
 .debug_rnglists
                0x00000f72      0x1a0 ./Middlewares/Third_Party/FreeRTOS/Source/tasks.o
 .debug_rnglists
                0x00001112       0xb8 ./Middlewares/Third_Party/FreeRTOS/Source/timers.o
 .debug_rnglists
                0x000011ca       0x5d ./Middlewares/Third_Party/FreeRTOS/Source/portable/GCC/ARM_CM4F/port.o
 .debug_rnglists
                0x00001227       0x42 ./Middlewares/Third_Party/FreeRTOS/Source/portable/MemMang/heap_4.o

.debug_macro    0x00000000    0x24725
 .debug_macro   0x00000000      0x32a ./App/Src/app_main.o
 .debug_macro   0x0000032a      0xad8 ./App/Src/app_main.o
 .debug_macro   0x00000e02       0x10 ./App/Src/app_main.o
 .debug_macro   0x00000e12       0x22 ./App/Src/app_main.o
 .debug_macro   0x00000e34       0x8e ./App/Src/app_main.o
 .debug_macro   0x00000ec2       0x51 ./App/Src/app_main.o
 .debug_macro   0x00000f13      0x103 ./App/Src/app_main.o
 .debug_macro   0x00001016       0x6a ./App/Src/app_main.o
 .debug_macro   0x00001080      0x1df ./App/Src/app_main.o
 .debug_macro   0x0000125f      0x190 ./App/Src/app_main.o
 .debug_macro   0x000013ef       0x74 ./App/Src/app_main.o
 .debug_macro   0x00001463      0x2ad ./App/Src/app_main.o
 .debug_macro   0x00001710       0x2e ./App/Src/app_main.o
 .debug_macro   0x0000173e       0x28 ./App/Src/app_main.o
 .debug_macro   0x00001766       0x1c ./App/Src/app_main.o
 .debug_macro   0x00001782       0x22 ./App/Src/app_main.o
 .debug_macro   0x000017a4       0xd3 ./App/Src/app_main.o
 .debug_macro   0x00001877     0x102d ./App/Src/app_main.o
 .debug_macro   0x000028a4      0x11f ./App/Src/app_main.o
 .debug_macro   0x000029c3    0x15a8b ./App/Src/app_main.o
 .debug_macro   0x0001844e       0x6d ./App/Src/app_main.o
 .debug_macro   0x000184bb     0x3666 ./App/Src/app_main.o
 .debug_macro   0x0001bb21       0x5c ./App/Src/app_main.o
 .debug_macro   0x0001bb7d      0xcdd ./App/Src/app_main.o
 .debug_macro   0x0001c85a      0x9fe ./App/Src/app_main.o
 .debug_macro   0x0001d258      0x116 ./App/Src/app_main.o
 .debug_macro   0x0001d36e      0x202 ./App/Src/app_main.o
 .debug_macro   0x0001d570       0xa5 ./App/Src/app_main.o
 .debug_macro   0x0001d615      0x173 ./App/Src/app_main.o
 .debug_macro   0x0001d788      0x2bf ./App/Src/app_main.o
 .debug_macro   0x0001da47       0x5f ./App/Src/app_main.o
 .debug_macro   0x0001daa6      0x236 ./App/Src/app_main.o
 .debug_macro   0x0001dcdc      0x9e1 ./App/Src/app_main.o
 .debug_macro   0x0001e6bd      0x38b ./App/Src/app_main.o
 .debug_macro   0x0001ea48      0x17d ./App/Src/app_main.o
 .debug_macro   0x0001ebc5       0xf9 ./App/Src/app_main.o
 .debug_macro   0x0001ecbe      0x40f ./App/Src/app_main.o
 .debug_macro   0x0001f0cd      0x132 ./App/Src/app_main.o
 .debug_macro   0x0001f1ff      0x30c ./App/Src/app_main.o
 .debug_macro   0x0001f50b       0x2e ./App/Src/app_main.o
 .debug_macro   0x0001f539      0x1b5 ./App/Src/app_main.o
 .debug_macro   0x0001f6ee       0x22 ./App/Src/app_main.o
 .debug_macro   0x0001f710       0xd6 ./App/Src/app_main.o
 .debug_macro   0x0001f7e6      0x11a ./App/Src/app_main.o
 .debug_macro   0x0001f900       0x91 ./App/Src/app_main.o
 .debug_macro   0x0001f991       0x89 ./App/Src/app_main.o
 .debug_macro   0x0001fa1a      0x225 ./App/Src/app_main.o
 .debug_macro   0x0001fc3f      0x295 ./App/Src/app_main.o
 .debug_macro   0x0001fed4      0x134 ./App/Src/app_main.o
 .debug_macro   0x00020008       0x28 ./App/Src/app_main.o
 .debug_macro   0x00020030       0x61 ./App/Src/app_main.o
 .debug_macro   0x00020091       0x2a ./App/Src/app_main.o
 .debug_macro   0x000200bb       0x43 ./App/Src/app_main.o
 .debug_macro   0x000200fe       0x34 ./App/Src/app_main.o
 .debug_macro   0x00020132      0x370 ./App/Src/app_main.o
 .debug_macro   0x000204a2       0x16 ./App/Src/app_main.o
 .debug_macro   0x000204b8       0x4a ./App/Src/app_main.o
 .debug_macro   0x00020502       0x34 ./App/Src/app_main.o
 .debug_macro   0x00020536       0x10 ./App/Src/app_main.o
 .debug_macro   0x00020546       0x58 ./App/Src/app_main.o
 .debug_macro   0x0002059e       0x8e ./App/Src/app_main.o
 .debug_macro   0x0002062c       0x1c ./App/Src/app_main.o
 .debug_macro   0x00020648      0x185 ./App/Src/app_main.o
 .debug_macro   0x000207cd       0x10 ./App/Src/app_main.o
 .debug_macro   0x000207dd       0x3c ./App/Src/app_main.o
 .debug_macro   0x00020819       0x20 ./App/Src/app_main.o
 .debug_macro   0x00020839      0x236 ./Core/Src/main.o
 .debug_macro   0x00020a6f      0x219 ./Core/Src/stm32f4xx_hal_msp.o
 .debug_macro   0x00020c88      0x2c4 ./Core/Src/stm32f4xx_it.o
 .debug_macro   0x00020f4c      0x169 ./Core/Src/stm32f4xx_it.o
 .debug_macro   0x000210b5       0x6c ./Core/Src/stm32f4xx_it.o
 .debug_macro   0x00021121       0xdd ./Core/Src/stm32f4xx_it.o
 .debug_macro   0x000211fe      0x20f ./Core/Src/system_stm32f4xx.o
 .debug_macro   0x0002140d      0x23d ./Drivers/IC/eeprom_25lc256.o
 .debug_macro   0x0002164a      0x219 ./Drivers/IC/gatedriver_drv8871.o
 .debug_macro   0x00021863      0x22b ./Drivers/IC/pmic_mp5475.o
 .debug_macro   0x00021a8e      0x22a ./Drivers/Protocol/can_manager.o
 .debug_macro   0x00021cb8       0x22 ./Drivers/Protocol/can_manager.o
 .debug_macro   0x00021cda      0x26f ./Drivers/STM32F4xx_HAL_Driver/Src/stm32f4xx_hal.o
 .debug_macro   0x00021f49      0x210 ./Drivers/STM32F4xx_HAL_Driver/Src/stm32f4xx_hal_adc.o
 .debug_macro   0x00022159      0x217 ./Drivers/STM32F4xx_HAL_Driver/Src/stm32f4xx_hal_can.o