../Core/Src/main.c:144:5:main	8	static
../Core/Src/main.c:204:6:SystemClock_Config	88	static
../Core/Src/main.c:244:13:MX_ADC1_Init	24	static
../Core/Src/main.c:294:13:MX_CAN1_Init	8	static
../Core/Src/main.c:331:13:MX_I2C1_Init	8	static
../Core/Src/main.c:365:13:MX_I2C2_Init	8	static
../Core/Src/main.c:399:13:MX_SPI1_Init	8	static
../Core/Src/main.c:437:13:MX_SPI2_Init	8	static
../Core/Src/main.c:475:13:MX_UART4_Init	8	static
../Core/Src/main.c:506:13:MX_DMA_Init	16	static
../Core/Src/main.c:546:13:MX_GPIO_Init	48	static
../Core/Src/main.c:587:6:StartDefaultTask	16	static
../Core/Src/main.c:605:6:StartI2CTask	16	static
../Core/Src/main.c:623:6:StartSPITask	16	static
../Core/Src/main.c:641:6:StartCANTask	16	static
../Core/Src/main.c:659:6:StartUARTTask	16	static
../Core/Src/main.c:674:6:Error_Handler	4	static,ignoring_inline_asm
